============================================================
Shell debug transcript — linux-server-services-processes
Generated: 2026-06-03T16:07:35.880Z
Engine: linux
host=L-SRV-SP-DBG (linux-server) — focus: processus & services
Total commands: 512
============================================================


--- [1] § environnement & identité ---
$ [1/512]> whoami
  root

$ [2/512]> id
  uid=0(root) gid=0(root) groups=0(root)

$ [3/512]> id -u
  0

$ [4/512]> id -un
  root

$ [5/512]> hostname
  linux-server

$ [6/512]> hostnamectl
     Static hostname: linux-server
           Icon name: computer-vm
             Chassis: vm
          Machine ID: 0a1b2c3d4e5f60718293a4b5c6d7e8f9
             Boot ID: f9e8d7c6b5a4039281706f5e4d3c2b1a
      Virtualization: kvm
    Operating System: Ubuntu 22.04.4 LTS
              Kernel: Linux 5.15.0-130-generic
        Architecture: x86_64

$ [7/512]> uname -a
  Linux linux-server 5.15.0-130-generic #140-Ubuntu SMP Wed Apr 16 12:00:00 UTC 2025 x86_64 x86_64 x86_64 GNU/Linux

$ [8/512]> uname -r
  5.15.0-130-generic

$ [9/512]> uname -s -n -m
  Linux linux-server x86_64

$ [10/512]> cat /etc/os-release
  PRETTY_NAME="Ubuntu 22.04.4 LTS"
  NAME="Ubuntu"
  VERSION_ID="22.04"
  VERSION="22.04.4 LTS (Jammy Jellyfish)"
  VERSION_CODENAME=jammy
  ID=ubuntu
  ID_LIKE=debian
  HOME_URL="https://www.ubuntu.com/"
  SUPPORT_URL="https://help.ubuntu.com/"
  BUG_REPORT_URL="https://bugs.launchpad.net/ubuntu/"
  UBUNTU_CODENAME=jammy

$ [11/512]> cat /etc/hostname
  linux-server

$ [12/512]> echo $SHELL
  /bin/bash

$ [13/512]> echo $$
  15

$ [14/512]> echo "shell pid=$$ ppid=$PPID"
  shell pid=15 ppid=2

$ [15/512]> tty
  /dev/pts/0

$ [16/512]> pwd
  /root

$ [17/512]> date
  Wed Jun 03 16:07:35 UTC 2026

$ [18/512]> date -u
  Wed Jun 03 16:07:35 UTC 2026

$ [19/512]> uptime
   16:07:35 up 0 min,  1 user,  load average: 0.00, 0.01, 0.05

$ [20/512]> uptime -p
  up 0 minutes

$ [21/512]> runlevel
  N 3

$ [22/512]> who
  root     tty1     2026-06-03 16:07 (:0)

$ [23/512]> w
   03 Jun 2026 16:0  up 0 min,  1 users,  load average: 0.00, 0.00, 0.00
  USER     TTY       FROM             LOGIN@   IDLE   JCPU   PCPU WHAT
  root      tty1      :0               16:07    0.00s   0.00s 0.00s -bash


--- [24] § inventaire ps ---
$ [24/512]> ps
  PID   TTY      TIME     CMD
      1 ?           00:00 systemd
      2 ?           00:00 sshd
      3 ?           00:00 cron
      4 ?           00:00 rsyslogd
      5 ?           00:00 auditd
      6 ?           00:00 atd
      8 ?           00:00 systemd-journald
      9 ?           00:00 systemd-logind
     11 ?           00:00 ifup
     12 ?           00:00 ufw-init
     13 ?           00:00 apparmor.systemd
     15 pts/0       00:00 -bash
     16 pts/0       00:00 ps

$ [25/512]> ps aux
  USER     PID   %CPU %MEM VSZ     RSS    TTY      STAT START    TIME     COMMAND
  root         1  0.0  0.3  169000  13000 ?        S    16:07       00:00 /sbin/init
  root         2  0.0  0.1   44083   4054 ?        S    16:07       00:00 /usr/sbin/sshd -D
  root         3  0.0  0.1    9414   2302 ?        S    16:07       00:00 /usr/sbin/cron -f
  root         4  0.0  0.1  205896   4448 ?        S    16:07       00:00 /usr/sbin/rsyslogd -n -iNONE
  root         5  0.0  0.1   84501   4290 ?        S    16:07       00:00 /sbin/auditd
  root         6  0.0  0.0    8129   1590 ?        S    16:07       00:00 /usr/sbin/atd -f
  systemd+     7  0.0  0.2   93688   6591 ?        S    16:07       00:00 /lib/systemd/systemd-resolved
  root         8  0.0  0.1   52080   5199 ?        S    16:07       00:00 /lib/systemd/systemd-journald
  root         9  0.0  0.1   80778   3859 ?        S    16:07       00:00 /lib/systemd/systemd-logind
  message+    10  0.0  0.1    9519   3505 ?        S    16:07       00:00 /usr/bin/dbus-daemon --system --address=systemd: --nofork --nopidfile --systemd-activation --syslog-only
  root        11  0.0  0.1   46522   4207 ?        S    16:07       00:00 /sbin/ifup -a --read-environment
  root        12  0.0  0.1   51446   4516 ?        S    16:07       00:00 /lib/ufw/ufw-init start quiet
  root        13  0.0  0.0    3166    256 ?        S    16:07       00:00 /lib/apparmor/apparmor.systemd reload
  oracle      14  0.0  0.1   45552   4146 ?        S    16:07       00:00 /etc/init.d/init.ohasd run
  root        15  0.0  0.1   10240   4096 pts/0    S    16:07       00:00 -bash
  root        16  0.0  0.1   12288   3072 pts/0    R    16:07       00:00 ps

$ [26/512]> ps -ef
  UID      PID   PPID  C  STIME TTY      TIME     CMD
  root         1     0  0 16:07 ?           00:00 /sbin/init
  root         2     1  0 16:07 ?           00:00 /usr/sbin/sshd -D
  root         3     1  0 16:07 ?           00:00 /usr/sbin/cron -f
  root         4     1  0 16:07 ?           00:00 /usr/sbin/rsyslogd -n -iNONE
  root         5     1  0 16:07 ?           00:00 /sbin/auditd
  root         6     1  0 16:07 ?           00:00 /usr/sbin/atd -f
  systemd+     7     1  0 16:07 ?           00:00 /lib/systemd/systemd-resolved
  root         8     1  0 16:07 ?           00:00 /lib/systemd/systemd-journald
  root         9     1  0 16:07 ?           00:00 /lib/systemd/systemd-logind
  message+    10     1  0 16:07 ?           00:00 /usr/bin/dbus-daemon --system --address=systemd: --nofork --nopidfile --systemd-activation --syslog-only
  root        11     1  0 16:07 ?           00:00 /sbin/ifup -a --read-environment
  root        12     1  0 16:07 ?           00:00 /lib/ufw/ufw-init start quiet
  root        13     1  0 16:07 ?           00:00 /lib/apparmor/apparmor.systemd reload
  oracle      14     1  0 16:07 ?           00:00 /etc/init.d/init.ohasd run
  root        15     2  0 16:07 pts/0       00:00 -bash
  root        16    15  0 16:07 pts/0       00:00 ps

$ [27/512]> ps -e
  PID   TTY      TIME     CMD
      1 ?           00:00 systemd
      2 ?           00:00 sshd
      3 ?           00:00 cron
      4 ?           00:00 rsyslogd
      5 ?           00:00 auditd
      6 ?           00:00 atd
      7 ?           00:00 systemd-resolved
      8 ?           00:00 systemd-journald
      9 ?           00:00 systemd-logind
     10 ?           00:00 dbus-daemon
     11 ?           00:00 ifup
     12 ?           00:00 ufw-init
     13 ?           00:00 apparmor.systemd
     14 ?           00:00 init.ohasd
     15 pts/0       00:00 -bash
     16 pts/0       00:00 ps

$ [28/512]> ps -A
  PID   TTY      TIME     CMD
      1 ?           00:00 systemd
      2 ?           00:00 sshd
      3 ?           00:00 cron
      4 ?           00:00 rsyslogd
      5 ?           00:00 auditd
      6 ?           00:00 atd
      7 ?           00:00 systemd-resolved
      8 ?           00:00 systemd-journald
      9 ?           00:00 systemd-logind
     10 ?           00:00 dbus-daemon
     11 ?           00:00 ifup
     12 ?           00:00 ufw-init
     13 ?           00:00 apparmor.systemd
     14 ?           00:00 init.ohasd
     15 pts/0       00:00 -bash
     16 pts/0       00:00 ps

$ [29/512]> ps -el
  F S UID   PID   PPID  C  PRI NI  ADDR     SZ     WCHAN  TTY      TIME     CMD
  4 S     0     1     0  0  20   0 -         42250 -      ?           00:00 /sbin/init
  4 S     0     2     1  0  20   0 -         11020 -      ?           00:00 /usr/sbin/sshd -D
  4 S     0     3     1  0  20   0 -          2353 -      ?           00:00 /usr/sbin/cron -f
  4 S     0     4     1  0  20   0 -         51474 -      ?           00:00 /usr/sbin/rsyslogd -n -iNONE
  4 S     0     5     1  0  20   0 -         21125 -      ?           00:00 /sbin/auditd
  4 S     0     6     1  0  20   0 -          2032 -      ?           00:00 /usr/sbin/atd -f
  0 S     1     7     1  0  20   0 -         23422 -      ?           00:00 /lib/systemd/systemd-resolved
  4 S     0     8     1  0  20   0 -         13020 -      ?           00:00 /lib/systemd/systemd-journald
  4 S     0     9     1  0  20   0 -         20194 -      ?           00:00 /lib/systemd/systemd-logind
  0 S     1    10     1  0  20   0 -          2379 -      ?           00:00 /usr/bin/dbus-daemon --system --address=systemd: --nofork --nopidfile --systemd-activation --syslog-only
  4 S     0    11     1  0  20   0 -         11630 -      ?           00:00 /sbin/ifup -a --read-environment
  4 S     0    12     1  0  20   0 -         12861 -      ?           00:00 /lib/ufw/ufw-init start quiet
  4 S     0    13     1  0  20   0 -           791 -      ?           00:00 /lib/apparmor/apparmor.systemd reload
  0 S     1    14     1  0  20   0 -         11388 -      ?           00:00 /etc/init.d/init.ohasd run
  4 S     0    15     2  0  20   0 -          2560 -      pts/0       00:00 -bash
  4 R     0    16    15  0  20   0 -          3072 -      pts/0       00:00 ps

$ [30/512]> ps -ely
  F S UID   PID   PPID  C  PRI NI  ADDR     SZ     WCHAN  TTY      TIME     CMD
  4 S     0     1     0  0  20   0 -         42250 -      ?           00:00 /sbin/init
  4 S     0     2     1  0  20   0 -         11020 -      ?           00:00 /usr/sbin/sshd -D
  4 S     0     3     1  0  20   0 -          2353 -      ?           00:00 /usr/sbin/cron -f
  4 S     0     4     1  0  20   0 -         51474 -      ?           00:00 /usr/sbin/rsyslogd -n -iNONE
  4 S     0     5     1  0  20   0 -         21125 -      ?           00:00 /sbin/auditd
  4 S     0     6     1  0  20   0 -          2032 -      ?           00:00 /usr/sbin/atd -f
  0 S     1     7     1  0  20   0 -         23422 -      ?           00:00 /lib/systemd/systemd-resolved
  4 S     0     8     1  0  20   0 -         13020 -      ?           00:00 /lib/systemd/systemd-journald
  4 S     0     9     1  0  20   0 -         20194 -      ?           00:00 /lib/systemd/systemd-logind
  0 S     1    10     1  0  20   0 -          2379 -      ?           00:00 /usr/bin/dbus-daemon --system --address=systemd: --nofork --nopidfile --systemd-activation --syslog-only
  4 S     0    11     1  0  20   0 -         11630 -      ?           00:00 /sbin/ifup -a --read-environment
  4 S     0    12     1  0  20   0 -         12861 -      ?           00:00 /lib/ufw/ufw-init start quiet
  4 S     0    13     1  0  20   0 -           791 -      ?           00:00 /lib/apparmor/apparmor.systemd reload
  0 S     1    14     1  0  20   0 -         11388 -      ?           00:00 /etc/init.d/init.ohasd run
  4 S     0    15     2  0  20   0 -          2560 -      pts/0       00:00 -bash
  4 R     0    16    15  0  20   0 -          3072 -      pts/0       00:00 ps

$ [31/512]> ps -f
  UID      PID   PPID  C  STIME TTY      TIME     CMD
  root         1     0  0 16:07 ?           00:00 /sbin/init
  root         2     1  0 16:07 ?           00:00 /usr/sbin/sshd -D
  root         3     1  0 16:07 ?           00:00 /usr/sbin/cron -f
  root         4     1  0 16:07 ?           00:00 /usr/sbin/rsyslogd -n -iNONE
  root         5     1  0 16:07 ?           00:00 /sbin/auditd
  root         6     1  0 16:07 ?           00:00 /usr/sbin/atd -f
  root         8     1  0 16:07 ?           00:00 /lib/systemd/systemd-journald
  root         9     1  0 16:07 ?           00:00 /lib/systemd/systemd-logind
  root        11     1  0 16:07 ?           00:00 /sbin/ifup -a --read-environment
  root        12     1  0 16:07 ?           00:00 /lib/ufw/ufw-init start quiet
  root        13     1  0 16:07 ?           00:00 /lib/apparmor/apparmor.systemd reload
  root        15     2  0 16:07 pts/0       00:00 -bash
  root        16    15  0 16:07 pts/0       00:00 ps

$ [32/512]> ps -fl
  F S UID   PID   PPID  C  PRI NI  ADDR     SZ     WCHAN  TTY      TIME     CMD
  4 S     0     1     0  0  20   0 -         42250 -      ?           00:00 /sbin/init
  4 S     0     2     1  0  20   0 -         11020 -      ?           00:00 /usr/sbin/sshd -D
  4 S     0     3     1  0  20   0 -          2353 -      ?           00:00 /usr/sbin/cron -f
  4 S     0     4     1  0  20   0 -         51474 -      ?           00:00 /usr/sbin/rsyslogd -n -iNONE
  4 S     0     5     1  0  20   0 -         21125 -      ?           00:00 /sbin/auditd
  4 S     0     6     1  0  20   0 -          2032 -      ?           00:00 /usr/sbin/atd -f
  4 S     0     8     1  0  20   0 -         13020 -      ?           00:00 /lib/systemd/systemd-journald
  4 S     0     9     1  0  20   0 -         20194 -      ?           00:00 /lib/systemd/systemd-logind
  4 S     0    11     1  0  20   0 -         11630 -      ?           00:00 /sbin/ifup -a --read-environment
  4 S     0    12     1  0  20   0 -         12861 -      ?           00:00 /lib/ufw/ufw-init start quiet
  4 S     0    13     1  0  20   0 -           791 -      ?           00:00 /lib/apparmor/apparmor.systemd reload
  4 S     0    15     2  0  20   0 -          2560 -      pts/0       00:00 -bash
  4 R     0    16    15  0  20   0 -          3072 -      pts/0       00:00 ps

$ [33/512]> ps ax
  PID   TTY      TIME     CMD
      1 ?           00:00 systemd
      2 ?           00:00 sshd
      3 ?           00:00 cron
      4 ?           00:00 rsyslogd
      5 ?           00:00 auditd
      6 ?           00:00 atd
      7 ?           00:00 systemd-resolved
      8 ?           00:00 systemd-journald
      9 ?           00:00 systemd-logind
     10 ?           00:00 dbus-daemon
     11 ?           00:00 ifup
     12 ?           00:00 ufw-init
     13 ?           00:00 apparmor.systemd
     14 ?           00:00 init.ohasd
     15 pts/0       00:00 -bash
     16 pts/0       00:00 ps

$ [34/512]> ps axu
  USER     PID   %CPU %MEM VSZ     RSS    TTY      STAT START    TIME     COMMAND
  root         1  0.0  0.3  169000  13000 ?        S    16:07       00:00 /sbin/init
  root         2  0.0  0.1   44083   4054 ?        S    16:07       00:00 /usr/sbin/sshd -D
  root         3  0.0  0.1    9414   2302 ?        S    16:07       00:00 /usr/sbin/cron -f
  root         4  0.0  0.1  205896   4448 ?        S    16:07       00:00 /usr/sbin/rsyslogd -n -iNONE
  root         5  0.0  0.1   84501   4290 ?        S    16:07       00:00 /sbin/auditd
  root         6  0.0  0.0    8129   1590 ?        S    16:07       00:00 /usr/sbin/atd -f
  systemd+     7  0.0  0.2   93688   6591 ?        S    16:07       00:00 /lib/systemd/systemd-resolved
  root         8  0.0  0.1   52080   5199 ?        S    16:07       00:00 /lib/systemd/systemd-journald
  root         9  0.0  0.1   80778   3859 ?        S    16:07       00:00 /lib/systemd/systemd-logind
  message+    10  0.0  0.1    9519   3505 ?        S    16:07       00:00 /usr/bin/dbus-daemon --system --address=systemd: --nofork --nopidfile --systemd-activation --syslog-only
  root        11  0.0  0.1   46522   4207 ?        S    16:07       00:00 /sbin/ifup -a --read-environment
  root        12  0.0  0.1   51446   4516 ?        S    16:07       00:00 /lib/ufw/ufw-init start quiet
  root        13  0.0  0.0    3166    256 ?        S    16:07       00:00 /lib/apparmor/apparmor.systemd reload
  oracle      14  0.0  0.1   45552   4146 ?        S    16:07       00:00 /etc/init.d/init.ohasd run
  root        15  0.0  0.1   10240   4096 pts/0    S    16:07       00:00 -bash
  root        16  0.0  0.1   12288   3072 pts/0    R    16:07       00:00 ps

$ [35/512]> ps -e f
  PID   TTY      TIME     CMD
      1 ?           00:00 systemd
      2 ?           00:00   \_ sshd
     15 pts/0       00:00     \_ -bash
     16 pts/0       00:00       \_ ps
      3 ?           00:00   \_ cron
      4 ?           00:00   \_ rsyslogd
      5 ?           00:00   \_ auditd
      6 ?           00:00   \_ atd
      7 ?           00:00   \_ systemd-resolved
      8 ?           00:00   \_ systemd-journald
      9 ?           00:00   \_ systemd-logind
     10 ?           00:00   \_ dbus-daemon
     11 ?           00:00   \_ ifup
     12 ?           00:00   \_ ufw-init
     13 ?           00:00   \_ apparmor.systemd
     14 ?           00:00   \_ init.ohasd

$ [36/512]> ps --forest
  PID   TTY      TIME     CMD
      1 ?           00:00 systemd
      2 ?           00:00   \_ sshd
     15 pts/0       00:00     \_ -bash
     16 pts/0       00:00       \_ ps
      3 ?           00:00   \_ cron
      4 ?           00:00   \_ rsyslogd
      5 ?           00:00   \_ auditd
      6 ?           00:00   \_ atd
      8 ?           00:00   \_ systemd-journald
      9 ?           00:00   \_ systemd-logind
     11 ?           00:00   \_ ifup
     12 ?           00:00   \_ ufw-init
     13 ?           00:00   \_ apparmor.systemd

$ [37/512]> ps -ejH
  PID   TTY      TIME     CMD
      1 ?           00:00 systemd
      2 ?           00:00   \_ sshd
     15 pts/0       00:00     \_ -bash
     16 pts/0       00:00       \_ ps
      3 ?           00:00   \_ cron
      4 ?           00:00   \_ rsyslogd
      5 ?           00:00   \_ auditd
      6 ?           00:00   \_ atd
      7 ?           00:00   \_ systemd-resolved
      8 ?           00:00   \_ systemd-journald
      9 ?           00:00   \_ systemd-logind
     10 ?           00:00   \_ dbus-daemon
     11 ?           00:00   \_ ifup
     12 ?           00:00   \_ ufw-init
     13 ?           00:00   \_ apparmor.systemd
     14 ?           00:00   \_ init.ohasd

$ [38/512]> ps axjf
  PID   TTY      TIME     CMD
      1 ?           00:00 systemd
      2 ?           00:00   \_ sshd
     15 pts/0       00:00     \_ -bash
     16 pts/0       00:00       \_ ps
      3 ?           00:00   \_ cron
      4 ?           00:00   \_ rsyslogd
      5 ?           00:00   \_ auditd
      6 ?           00:00   \_ atd
      7 ?           00:00   \_ systemd-resolved
      8 ?           00:00   \_ systemd-journald
      9 ?           00:00   \_ systemd-logind
     10 ?           00:00   \_ dbus-daemon
     11 ?           00:00   \_ ifup
     12 ?           00:00   \_ ufw-init
     13 ?           00:00   \_ apparmor.systemd
     14 ?           00:00   \_ init.ohasd

$ [39/512]> ps -p 1
  PID   TTY      TIME     CMD
      1 ?           00:00 systemd

$ [40/512]> ps -p 1,2
  PID   TTY      TIME     CMD
      1 ?           00:00 systemd
      2 ?           00:00 sshd

$ [41/512]> ps -p $$
  PID   TTY      TIME     CMD
     15 pts/0       00:00 -bash

$ [42/512]> ps --pid 1
  PID   TTY      TIME     CMD
      1 ?           00:00 systemd

$ [43/512]> ps -C bash
  PID   TTY      TIME     CMD
     15 pts/0       00:00 -bash

$ [44/512]> ps -C systemd
  PID   TTY      TIME     CMD
      1 ?           00:00 systemd

$ [45/512]> ps -u root
  PID   TTY      TIME     CMD
      1 ?           00:00 systemd
      2 ?           00:00 sshd
      3 ?           00:00 cron
      4 ?           00:00 rsyslogd
      5 ?           00:00 auditd
      6 ?           00:00 atd
      8 ?           00:00 systemd-journald
      9 ?           00:00 systemd-logind
     11 ?           00:00 ifup
     12 ?           00:00 ufw-init
     13 ?           00:00 apparmor.systemd
     15 pts/0       00:00 -bash
     16 pts/0       00:00 ps

$ [46/512]> ps -U root
  PID   TTY      TIME     CMD
      1 ?           00:00 systemd
      2 ?           00:00 sshd
      3 ?           00:00 cron
      4 ?           00:00 rsyslogd
      5 ?           00:00 auditd
      6 ?           00:00 atd
      8 ?           00:00 systemd-journald
      9 ?           00:00 systemd-logind
     11 ?           00:00 ifup
     12 ?           00:00 ufw-init
     13 ?           00:00 apparmor.systemd
     15 pts/0       00:00 -bash
     16 pts/0       00:00 ps

$ [47/512]> ps --ppid 1
  PID   TTY      TIME     CMD
      2 ?           00:00 sshd
      3 ?           00:00 cron
      4 ?           00:00 rsyslogd
      5 ?           00:00 auditd
      6 ?           00:00 atd
      7 ?           00:00 systemd-resolved
      8 ?           00:00 systemd-journald
      9 ?           00:00 systemd-logind
     10 ?           00:00 dbus-daemon
     11 ?           00:00 ifup
     12 ?           00:00 ufw-init
     13 ?           00:00 apparmor.systemd
     14 ?           00:00 init.ohasd

$ [48/512]> ps -o pid,ppid,user,stat,pcpu,pmem,comm
  PID   PPID  USER     STAT %CPU %MEM COMMAND
      1     0 root     S     0.0  0.3 systemd
      2     1 root     S     0.0  0.1 sshd
      3     1 root     S     0.0  0.1 cron
      4     1 root     S     0.0  0.1 rsyslogd
      5     1 root     S     0.0  0.1 auditd
      6     1 root     S     0.0  0.0 atd
      8     1 root     S     0.0  0.1 systemd-journald
      9     1 root     S     0.0  0.1 systemd-logind
     11     1 root     S     0.0  0.1 ifup
     12     1 root     S     0.0  0.1 ufw-init
     13     1 root     S     0.0  0.0 apparmor.systemd
     15     2 root     S     0.0  0.1 -bash
     16    15 root     R     0.0  0.1 ps

$ [49/512]> ps -o pid=,comm=
      1 systemd
      2 sshd
      3 cron
      4 rsyslogd
      5 auditd
      6 atd
      8 systemd-journald
      9 systemd-logind
     11 ifup
     12 ufw-init
     13 apparmor.systemd
     15 -bash
     16 ps

$ [50/512]> ps -eo pid,ni,pri,comm
  PID   NI  PRI COMMAND
      1   0  20 systemd
      2   0  20 sshd
      3   0  20 cron
      4   0  20 rsyslogd
      5   0  20 auditd
      6   0  20 atd
      7   0  20 systemd-resolved
      8   0  20 systemd-journald
      9   0  20 systemd-logind
     10   0  20 dbus-daemon
     11   0  20 ifup
     12   0  20 ufw-init
     13   0  20 apparmor.systemd
     14   0  20 init.ohasd
     15   0  20 -bash
     16   0  20 ps

$ [51/512]> ps -eo pid,tty,time,cmd
  PID   TTY      TIME     CMD
      1 ?           00:00 /sbin/init
      2 ?           00:00 /usr/sbin/sshd -D
      3 ?           00:00 /usr/sbin/cron -f
      4 ?           00:00 /usr/sbin/rsyslogd -n -iNONE
      5 ?           00:00 /sbin/auditd
      6 ?           00:00 /usr/sbin/atd -f
      7 ?           00:00 /lib/systemd/systemd-resolved
      8 ?           00:00 /lib/systemd/systemd-journald
      9 ?           00:00 /lib/systemd/systemd-logind
     10 ?           00:00 /usr/bin/dbus-daemon --system --address=systemd: --nofork --nopidfile --systemd-activation --syslog-only
     11 ?           00:00 /sbin/ifup -a --read-environment
     12 ?           00:00 /lib/ufw/ufw-init start quiet
     13 ?           00:00 /lib/apparmor/apparmor.systemd reload
     14 ?           00:00 /etc/init.d/init.ohasd run
     15 pts/0       00:00 -bash
     16 pts/0       00:00 ps

$ [52/512]> ps axo pid,stat,euser,cmd --sort=-pcpu
  ps: error: improper list
  Usage:
   ps [options]

$ [53/512]> ps aux --sort=-%mem
  USER     PID   %CPU %MEM VSZ     RSS    TTY      STAT START    TIME     COMMAND
  root         1  0.0  0.3  169000  13000 ?        S    16:07       00:00 /sbin/init
  systemd+     7  0.0  0.2   93688   6591 ?        S    16:07       00:00 /lib/systemd/systemd-resolved
  root         8  0.0  0.1   52080   5199 ?        S    16:07       00:00 /lib/systemd/systemd-journald
  root        12  0.0  0.1   51446   4516 ?        S    16:07       00:00 /lib/ufw/ufw-init start quiet
  root         4  0.0  0.1  205896   4448 ?        S    16:07       00:00 /usr/sbin/rsyslogd -n -iNONE
  root         5  0.0  0.1   84501   4290 ?        S    16:07       00:00 /sbin/auditd
  root        11  0.0  0.1   46522   4207 ?        S    16:07       00:00 /sbin/ifup -a --read-environment
  oracle      14  0.0  0.1   45552   4146 ?        S    16:07       00:00 /etc/init.d/init.ohasd run
  root        15  0.0  0.1   10240   4096 pts/0    S    16:07       00:00 -bash
  root         2  0.0  0.1   44083   4054 ?        S    16:07       00:00 /usr/sbin/sshd -D
  root         9  0.0  0.1   80778   3859 ?        S    16:07       00:00 /lib/systemd/systemd-logind
  message+    10  0.0  0.1    9519   3505 ?        S    16:07       00:00 /usr/bin/dbus-daemon --system --address=systemd: --nofork --nopidfile --systemd-activation --syslog-only
  root        16  0.0  0.1   12288   3072 pts/0    R    16:07       00:00 ps
  root         3  0.0  0.1    9414   2302 ?        S    16:07       00:00 /usr/sbin/cron -f
  root         6  0.0  0.0    8129   1590 ?        S    16:07       00:00 /usr/sbin/atd -f
  root        13  0.0  0.0    3166    256 ?        S    16:07       00:00 /lib/apparmor/apparmor.systemd reload

$ [54/512]> ps aux --sort=-%cpu
  USER     PID   %CPU %MEM VSZ     RSS    TTY      STAT START    TIME     COMMAND
  root         1  0.0  0.3  169000  13000 ?        S    16:07       00:00 /sbin/init
  root         2  0.0  0.1   44083   4054 ?        S    16:07       00:00 /usr/sbin/sshd -D
  root         3  0.0  0.1    9414   2302 ?        S    16:07       00:00 /usr/sbin/cron -f
  root         4  0.0  0.1  205896   4448 ?        S    16:07       00:00 /usr/sbin/rsyslogd -n -iNONE
  root         5  0.0  0.1   84501   4290 ?        S    16:07       00:00 /sbin/auditd
  root         6  0.0  0.0    8129   1590 ?        S    16:07       00:00 /usr/sbin/atd -f
  systemd+     7  0.0  0.2   93688   6591 ?        S    16:07       00:00 /lib/systemd/systemd-resolved
  root         8  0.0  0.1   52080   5199 ?        S    16:07       00:00 /lib/systemd/systemd-journald
  root         9  0.0  0.1   80778   3859 ?        S    16:07       00:00 /lib/systemd/systemd-logind
  message+    10  0.0  0.1    9519   3505 ?        S    16:07       00:00 /usr/bin/dbus-daemon --system --address=systemd: --nofork --nopidfile --systemd-activation --syslog-only
  root        11  0.0  0.1   46522   4207 ?        S    16:07       00:00 /sbin/ifup -a --read-environment
  root        12  0.0  0.1   51446   4516 ?        S    16:07       00:00 /lib/ufw/ufw-init start quiet
  root        13  0.0  0.0    3166    256 ?        S    16:07       00:00 /lib/apparmor/apparmor.systemd reload
  oracle      14  0.0  0.1   45552   4146 ?        S    16:07       00:00 /etc/init.d/init.ohasd run
  root        15  0.0  0.1   10240   4096 pts/0    S    16:07       00:00 -bash
  root        16  0.0  0.1   12288   3072 pts/0    R    16:07       00:00 ps

$ [55/512]> ps -e --sort=start_time
  PID   TTY      TIME     CMD
      1 ?           00:00 systemd
      2 ?           00:00 sshd
      3 ?           00:00 cron
      4 ?           00:00 rsyslogd
      5 ?           00:00 auditd
      6 ?           00:00 atd
      7 ?           00:00 systemd-resolved
      8 ?           00:00 systemd-journald
      9 ?           00:00 systemd-logind
     10 ?           00:00 dbus-daemon
     11 ?           00:00 ifup
     12 ?           00:00 ufw-init
     13 ?           00:00 apparmor.systemd
     14 ?           00:00 init.ohasd
     15 pts/0       00:00 -bash
     16 pts/0       00:00 ps

$ [56/512]> ps -e --sort=-rss
  PID   TTY      TIME     CMD
      1 ?           00:00 systemd
      7 ?           00:00 systemd-resolved
      8 ?           00:00 systemd-journald
     12 ?           00:00 ufw-init
      4 ?           00:00 rsyslogd
      5 ?           00:00 auditd
     11 ?           00:00 ifup
     14 ?           00:00 init.ohasd
     15 pts/0       00:00 -bash
      2 ?           00:00 sshd
      9 ?           00:00 systemd-logind
     10 ?           00:00 dbus-daemon
     16 pts/0       00:00 ps
      3 ?           00:00 cron
      6 ?           00:00 atd
     13 ?           00:00 apparmor.systemd

$ [57/512]> ps h -e -o pid
  1
  2
  3
  4
  5
  6
  7
  8
  9
  10
  11
  12
  13
  14
  15
  16

$ [58/512]> ps -e --no-headers
      1 ?           00:00 systemd
      2 ?           00:00 sshd
      3 ?           00:00 cron
      4 ?           00:00 rsyslogd
      5 ?           00:00 auditd
      6 ?           00:00 atd
      7 ?           00:00 systemd-resolved
      8 ?           00:00 systemd-journald
      9 ?           00:00 systemd-logind
     10 ?           00:00 dbus-daemon
     11 ?           00:00 ifup
     12 ?           00:00 ufw-init
     13 ?           00:00 apparmor.systemd
     14 ?           00:00 init.ohasd
     15 pts/0       00:00 -bash
     16 pts/0       00:00 ps

$ [59/512]> ps -L -p 1
  PID   TTY      TIME     CMD
      1 ?           00:00 systemd

$ [60/512]> ps -T -p 1
  PID   TTY      TIME     CMD
      1 ?           00:00 systemd

$ [61/512]> ps -e -o pid,nlwp,comm
  PID   NLWP COMMAND
      1    1 systemd
      2    1 sshd
      3    1 cron
      4    1 rsyslogd
      5    1 auditd
      6    1 atd
      7    1 systemd-resolved
      8    1 systemd-journald
      9    1 systemd-logind
     10    1 dbus-daemon
     11    1 ifup
     12    1 ufw-init
     13    1 apparmor.systemd
     14    1 init.ohasd
     15    1 -bash
     16    1 ps

$ [62/512]> ps --version
  ps from procps-ng 3.3.17

$ [63/512]> ps w
  PID   TTY      TIME     CMD
      1 ?           00:00 systemd
      2 ?           00:00 sshd
      3 ?           00:00 cron
      4 ?           00:00 rsyslogd
      5 ?           00:00 auditd
      6 ?           00:00 atd
      8 ?           00:00 systemd-journald
      9 ?           00:00 systemd-logind
     11 ?           00:00 ifup
     12 ?           00:00 ufw-init
     13 ?           00:00 apparmor.systemd
     15 pts/0       00:00 -bash
     16 pts/0       00:00 ps

$ [64/512]> ps ww aux
  USER     PID   %CPU %MEM VSZ     RSS    TTY      STAT START    TIME     COMMAND
  root         1  0.0  0.3  169000  13000 ?        S    16:07       00:00 /sbin/init
  root         2  0.0  0.1   44083   4054 ?        S    16:07       00:00 /usr/sbin/sshd -D
  root         3  0.0  0.1    9414   2302 ?        S    16:07       00:00 /usr/sbin/cron -f
  root         4  0.0  0.1  205896   4448 ?        S    16:07       00:00 /usr/sbin/rsyslogd -n -iNONE
  root         5  0.0  0.1   84501   4290 ?        S    16:07       00:00 /sbin/auditd
  root         6  0.0  0.0    8129   1590 ?        S    16:07       00:00 /usr/sbin/atd -f
  systemd+     7  0.0  0.2   93688   6591 ?        S    16:07       00:00 /lib/systemd/systemd-resolved
  root         8  0.0  0.1   52080   5199 ?        S    16:07       00:00 /lib/systemd/systemd-journald
  root         9  0.0  0.1   80778   3859 ?        S    16:07       00:00 /lib/systemd/systemd-logind
  message+    10  0.0  0.1    9519   3505 ?        S    16:07       00:00 /usr/bin/dbus-daemon --system --address=systemd: --nofork --nopidfile --systemd-activation --syslog-only
  root        11  0.0  0.1   46522   4207 ?        S    16:07       00:00 /sbin/ifup -a --read-environment
  root        12  0.0  0.1   51446   4516 ?        S    16:07       00:00 /lib/ufw/ufw-init start quiet
  root        13  0.0  0.0    3166    256 ?        S    16:07       00:00 /lib/apparmor/apparmor.systemd reload
  oracle      14  0.0  0.1   45552   4146 ?        S    16:07       00:00 /etc/init.d/init.ohasd run
  root        15  0.0  0.1   10240   4096 pts/0    S    16:07       00:00 -bash
  root        16  0.0  0.1   12288   3072 pts/0    R    16:07       00:00 ps

$ [65/512]> ps -e | wc -l
  17

$ [66/512]> ps aux | grep bash | grep -v grep
  root        15  0.0  0.1   10240   4096 pts/0    S    16:07       00:00 -bash

$ [67/512]> ps -Z
  ps: invalid option -- 'Z'
  Usage:
   ps [options]

$ [68/512]> ps --zorglub
  ps: unrecognized option '--zorglub'
  Usage:
   ps [options]

$ [69/512]> ps -p abc
  PID   TTY      TIME     CMD

$ [70/512]> ps -p 999999
  PID   TTY      TIME     CMD

$ [71/512]> ps -C processus_inexistant_xyz
  PID   TTY      TIME     CMD


--- [72] § pstree ---
$ [72/512]> pstree
  systemd
    ├─sshd
    │ └─-bash
    ├─cron
    ├─rsyslogd
    ├─auditd
    ├─atd
    ├─systemd-resolved
    ├─systemd-journald
    ├─systemd-logind
    ├─dbus-daemon
    ├─ifup
    ├─ufw-init
    ├─apparmor.systemd
    └─init.ohasd

$ [73/512]> pstree -p
  systemd(1)
    ├─sshd(2)
    │ └─-bash(15)
    ├─cron(3)
    ├─rsyslogd(4)
    ├─auditd(5)
    ├─atd(6)
    ├─systemd-resolved(7)
    ├─systemd-journald(8)
    ├─systemd-logind(9)
    ├─dbus-daemon(10)
    ├─ifup(11)
    ├─ufw-init(12)
    ├─apparmor.systemd(13)
    └─init.ohasd(14)

$ [74/512]> pstree -a
  systemd
    ├─sshd
    │ └─-bash
    ├─cron
    ├─rsyslogd
    ├─auditd
    ├─atd
    ├─systemd-resolved
    ├─systemd-journald
    ├─systemd-logind
    ├─dbus-daemon
    ├─ifup
    ├─ufw-init
    ├─apparmor.systemd
    └─init.ohasd

$ [75/512]> pstree -n
  systemd
    ├─sshd
    │ └─-bash
    ├─cron
    ├─rsyslogd
    ├─auditd
    ├─atd
    ├─systemd-resolved
    ├─systemd-journald
    ├─systemd-logind
    ├─dbus-daemon
    ├─ifup
    ├─ufw-init
    ├─apparmor.systemd
    └─init.ohasd

$ [76/512]> pstree -A
  systemd
    ├─sshd
    │ └─-bash
    ├─cron
    ├─rsyslogd
    ├─auditd
    ├─atd
    ├─systemd-resolved
    ├─systemd-journald
    ├─systemd-logind
    ├─dbus-daemon
    ├─ifup
    ├─ufw-init
    ├─apparmor.systemd
    └─init.ohasd

$ [77/512]> pstree -p 1
  systemd(1)
    ├─sshd(2)
    │ └─-bash(15)
    ├─cron(3)
    ├─rsyslogd(4)
    ├─auditd(5)
    ├─atd(6)
    ├─systemd-resolved(7)
    ├─systemd-journald(8)
    ├─systemd-logind(9)
    ├─dbus-daemon(10)
    ├─ifup(11)
    ├─ufw-init(12)
    ├─apparmor.systemd(13)
    └─init.ohasd(14)

$ [78/512]> pstree -s $$
  systemd
    ├─sshd
    │ └─-bash
    ├─cron
    ├─rsyslogd
    ├─auditd
    ├─atd
    ├─systemd-resolved
    ├─systemd-journald
    ├─systemd-logind
    ├─dbus-daemon
    ├─ifup
    ├─ufw-init
    ├─apparmor.systemd
    └─init.ohasd

$ [79/512]> pstree -u
  systemd
    ├─sshd
    │ └─-bash
    ├─cron
    ├─rsyslogd
    ├─auditd
    ├─atd
    ├─systemd-resolved
    ├─systemd-journald
    ├─systemd-logind
    ├─dbus-daemon
    ├─ifup
    ├─ufw-init
    ├─apparmor.systemd
    └─init.ohasd

$ [80/512]> pstree -h
  systemd
    ├─sshd
    │ └─-bash
    ├─cron
    ├─rsyslogd
    ├─auditd
    ├─atd
    ├─systemd-resolved
    ├─systemd-journald
    ├─systemd-logind
    ├─dbus-daemon
    ├─ifup
    ├─ufw-init
    ├─apparmor.systemd
    └─init.ohasd

$ [81/512]> pstree root
  systemd
    ├─sshd
    │ └─-bash
    ├─cron
    ├─rsyslogd
    ├─auditd
    ├─atd
    ├─systemd-resolved
    ├─systemd-journald
    ├─systemd-logind
    ├─dbus-daemon
    ├─ifup
    ├─ufw-init
    ├─apparmor.systemd
    └─init.ohasd

$ [82/512]> pstree -p abc
  systemd(1)
    ├─sshd(2)
    │ └─-bash(15)
    ├─cron(3)
    ├─rsyslogd(4)
    ├─auditd(5)
    ├─atd(6)
    ├─systemd-resolved(7)
    ├─systemd-journald(8)
    ├─systemd-logind(9)
    ├─dbus-daemon(10)
    ├─ifup(11)
    ├─ufw-init(12)
    ├─apparmor.systemd(13)
    └─init.ohasd(14)

$ [83/512]> pstree 999999
  pstree: no process found with PID 999999


--- [84] § pgrep / pidof ---
$ [84/512]> pidof systemd
  1

$ [85/512]> pidof bash
<empty>

$ [86/512]> pidof init
<empty>

$ [87/512]> pidof -s bash
<empty>

$ [88/512]> pgrep bash
  15

$ [89/512]> pgrep -l bash
  15 -bash

$ [90/512]> pgrep -a bash
  10
  11

$ [91/512]> pgrep -f bash
  3
  6

$ [92/512]> pgrep -u root
  pgrep: no matching criteria specified

$ [93/512]> pgrep -u root -l
  pgrep: no matching criteria specified

$ [94/512]> pgrep -c bash
<empty>

$ [95/512]> pgrep -n bash
  4
  10

$ [96/512]> pgrep -o bash
  10

$ [97/512]> pgrep -x bash
<empty>

$ [98/512]> pgrep -d, bash
<empty>

$ [99/512]> pgrep -x ba
<empty>

$ [100/512]> pgrep processus_inexistant_xyz
<empty>

$ [101/512]> pidof processus_inexistant_xyz
<empty>

$ [102/512]> pgrep
  pgrep: no matching criteria specified

$ [103/512]> pgrep -Z bash
<empty>


--- [104] § top / vmstat / free ---
$ [104/512]> top -b -n 1
  top - 16:07:35 up  0 min,  1 user,  load average: 0.08, 0.03, 0.01
  Tasks: 15 total,  0 running, 15 sleeping,  0 stopped,  0 zombie
  %Cpu(s):  1.2 us,  0.5 sy,  0.0 ni, 98.2 id,  0.1 wa,  0.0 hi,  0.0 si,  0.0 st
  MiB Mem :  3981.0 total,  1468.0 free,  1258.0 used,  1254.0 buff/cache
  MiB Swap:  2048.0 total,  2048.0 free,      0.0 used.  2519.0 avail Mem
  
      PID USER      PR  NI    VIRT    RES    SHR S  %CPU  %MEM     TIME+ COMMAND
        1 root       20    0    165M    12M     4M S   0.0   0.3   0:00.10 systemd
        2 root       20    0     43M     3M     4M S   0.0   0.1   0:00.10 sshd
        3 root       20    0      9M     2M     4M S   0.0   0.1   0:00.10 cron
        4 root       20    0    201M     4M     4M S   0.0   0.1   0:00.10 rsyslogd
        5 root       20    0     82M     4M     4M S   0.0   0.1   0:00.10 auditd
        6 root       20    0      7M     1M     4M S   0.0   0.0   0:00.10 atd
        7 systemd-resolve  20    0     91M     6M     4M S   0.0   0.2   0:00.10 systemd-resolved
        8 root       20    0     50M     5M     4M S   0.0   0.1   0:00.10 systemd-journald
        9 root       20    0     78M     3M     4M S   0.0   0.1   0:00.10 systemd-logind
       10 messagebus  20    0      9M     3M     4M S   0.0   0.1   0:00.10 dbus-daemon
       11 root       20    0     45M     4M     4M S   0.0   0.1   0:00.10 ifup
       12 root       20    0     50M     4M     4M S   0.0   0.1   0:00.10 ufw-init
       13 root       20    0      3M     0M     4M S   0.0   0.0   0:00.10 apparmor.systemd
       14 oracle     20    0     44M     4M     4M S   0.0   0.1   0:00.10 init.ohasd
       15 root       20    0     10M     4M     4M S   0.0   0.1   0:00.10 -bash

$ [105/512]> top -b -n 1 | head -20
  top - 16:07:35 up  0 min,  1 user,  load average: 0.08, 0.03, 0.01
  Tasks: 15 total,  0 running, 15 sleeping,  0 stopped,  0 zombie
  %Cpu(s):  1.2 us,  0.5 sy,  0.0 ni, 98.2 id,  0.1 wa,  0.0 hi,  0.0 si,  0.0 st
  MiB Mem :  3981.0 total,  1468.0 free,  1258.0 used,  1254.0 buff/cache
  MiB Swap:  2048.0 total,  2048.0 free,      0.0 used.  2519.0 avail Mem
  
      PID USER      PR  NI    VIRT    RES    SHR S  %CPU  %MEM     TIME+ COMMAND
        1 root       20    0    165M    12M     4M S   0.0   0.3   0:00.10 systemd
        2 root       20    0     43M     3M     4M S   0.0   0.1   0:00.10 sshd
        3 root       20    0      9M     2M     4M S   0.0   0.1   0:00.10 cron
        4 root       20    0    201M     4M     4M S   0.0   0.1   0:00.10 rsyslogd
        5 root       20    0     82M     4M     4M S   0.0   0.1   0:00.10 auditd
        6 root       20    0      7M     1M     4M S   0.0   0.0   0:00.10 atd
        7 systemd-resolve  20    0     91M     6M     4M S   0.0   0.2   0:00.10 systemd-resolved
        8 root       20    0     50M     5M     4M S   0.0   0.1   0:00.10 systemd-journald
        9 root       20    0     78M     3M     4M S   0.0   0.1   0:00.10 systemd-logind
       10 messagebus  20    0      9M     3M     4M S   0.0   0.1   0:00.10 dbus-daemon
       11 root       20    0     45M     4M     4M S   0.0   0.1   0:00.10 ifup
       12 root       20    0     50M     4M     4M S   0.0   0.1   0:00.10 ufw-init
       13 root       20    0      3M     0M     4M S   0.0   0.0   0:00.10 apparmor.systemd

$ [106/512]> top -b -n 1 -o %CPU
  top - 16:07:35 up  0 min,  1 user,  load average: 0.08, 0.03, 0.01
  Tasks: 15 total,  0 running, 15 sleeping,  0 stopped,  0 zombie
  %Cpu(s):  1.2 us,  0.5 sy,  0.0 ni, 98.2 id,  0.1 wa,  0.0 hi,  0.0 si,  0.0 st
  MiB Mem :  3981.0 total,  1468.0 free,  1258.0 used,  1254.0 buff/cache
  MiB Swap:  2048.0 total,  2048.0 free,      0.0 used.  2519.0 avail Mem
  
      PID USER      PR  NI    VIRT    RES    SHR S  %CPU  %MEM     TIME+ COMMAND
        1 root       20    0    165M    12M     4M S   0.0   0.3   0:00.10 systemd
        2 root       20    0     43M     3M     4M S   0.0   0.1   0:00.10 sshd
        3 root       20    0      9M     2M     4M S   0.0   0.1   0:00.10 cron
        4 root       20    0    201M     4M     4M S   0.0   0.1   0:00.10 rsyslogd
        5 root       20    0     82M     4M     4M S   0.0   0.1   0:00.10 auditd
        6 root       20    0      7M     1M     4M S   0.0   0.0   0:00.10 atd
        7 systemd-resolve  20    0     91M     6M     4M S   0.0   0.2   0:00.10 systemd-resolved
        8 root       20    0     50M     5M     4M S   0.0   0.1   0:00.10 systemd-journald
        9 root       20    0     78M     3M     4M S   0.0   0.1   0:00.10 systemd-logind
       10 messagebus  20    0      9M     3M     4M S   0.0   0.1   0:00.10 dbus-daemon
       11 root       20    0     45M     4M     4M S   0.0   0.1   0:00.10 ifup
       12 root       20    0     50M     4M     4M S   0.0   0.1   0:00.10 ufw-init
       13 root       20    0      3M     0M     4M S   0.0   0.0   0:00.10 apparmor.systemd
       14 oracle     20    0     44M     4M     4M S   0.0   0.1   0:00.10 init.ohasd
       15 root       20    0     10M     4M     4M S   0.0   0.1   0:00.10 -bash

$ [107/512]> top -b -n 1 -o %MEM
  top - 16:07:35 up  0 min,  1 user,  load average: 0.08, 0.03, 0.01
  Tasks: 15 total,  0 running, 15 sleeping,  0 stopped,  0 zombie
  %Cpu(s):  1.2 us,  0.5 sy,  0.0 ni, 98.2 id,  0.1 wa,  0.0 hi,  0.0 si,  0.0 st
  MiB Mem :  3981.0 total,  1468.0 free,  1258.0 used,  1254.0 buff/cache
  MiB Swap:  2048.0 total,  2048.0 free,      0.0 used.  2519.0 avail Mem
  
      PID USER      PR  NI    VIRT    RES    SHR S  %CPU  %MEM     TIME+ COMMAND
        1 root       20    0    165M    12M     4M S   0.0   0.3   0:00.10 systemd
        2 root       20    0     43M     3M     4M S   0.0   0.1   0:00.10 sshd
        3 root       20    0      9M     2M     4M S   0.0   0.1   0:00.10 cron
        4 root       20    0    201M     4M     4M S   0.0   0.1   0:00.10 rsyslogd
        5 root       20    0     82M     4M     4M S   0.0   0.1   0:00.10 auditd
        6 root       20    0      7M     1M     4M S   0.0   0.0   0:00.10 atd
        7 systemd-resolve  20    0     91M     6M     4M S   0.0   0.2   0:00.10 systemd-resolved
        8 root       20    0     50M     5M     4M S   0.0   0.1   0:00.10 systemd-journald
        9 root       20    0     78M     3M     4M S   0.0   0.1   0:00.10 systemd-logind
       10 messagebus  20    0      9M     3M     4M S   0.0   0.1   0:00.10 dbus-daemon
       11 root       20    0     45M     4M     4M S   0.0   0.1   0:00.10 ifup
       12 root       20    0     50M     4M     4M S   0.0   0.1   0:00.10 ufw-init
       13 root       20    0      3M     0M     4M S   0.0   0.0   0:00.10 apparmor.systemd
       14 oracle     20    0     44M     4M     4M S   0.0   0.1   0:00.10 init.ohasd
       15 root       20    0     10M     4M     4M S   0.0   0.1   0:00.10 -bash

$ [108/512]> top -b -n 1 -p 1
  top - 16:07:35 up  0 min,  1 user,  load average: 0.08, 0.03, 0.01
  Tasks: 15 total,  0 running, 15 sleeping,  0 stopped,  0 zombie
  %Cpu(s):  1.2 us,  0.5 sy,  0.0 ni, 98.2 id,  0.1 wa,  0.0 hi,  0.0 si,  0.0 st
  MiB Mem :  3981.0 total,  1468.0 free,  1258.0 used,  1254.0 buff/cache
  MiB Swap:  2048.0 total,  2048.0 free,      0.0 used.  2519.0 avail Mem
  
      PID USER      PR  NI    VIRT    RES    SHR S  %CPU  %MEM     TIME+ COMMAND
        1 root       20    0    165M    12M     4M S   0.0   0.3   0:00.10 systemd
        2 root       20    0     43M     3M     4M S   0.0   0.1   0:00.10 sshd
        3 root       20    0      9M     2M     4M S   0.0   0.1   0:00.10 cron
        4 root       20    0    201M     4M     4M S   0.0   0.1   0:00.10 rsyslogd
        5 root       20    0     82M     4M     4M S   0.0   0.1   0:00.10 auditd
        6 root       20    0      7M     1M     4M S   0.0   0.0   0:00.10 atd
        7 systemd-resolve  20    0     91M     6M     4M S   0.0   0.2   0:00.10 systemd-resolved
        8 root       20    0     50M     5M     4M S   0.0   0.1   0:00.10 systemd-journald
        9 root       20    0     78M     3M     4M S   0.0   0.1   0:00.10 systemd-logind
       10 messagebus  20    0      9M     3M     4M S   0.0   0.1   0:00.10 dbus-daemon
       11 root       20    0     45M     4M     4M S   0.0   0.1   0:00.10 ifup
       12 root       20    0     50M     4M     4M S   0.0   0.1   0:00.10 ufw-init
       13 root       20    0      3M     0M     4M S   0.0   0.0   0:00.10 apparmor.systemd
       14 oracle     20    0     44M     4M     4M S   0.0   0.1   0:00.10 init.ohasd
       15 root       20    0     10M     4M     4M S   0.0   0.1   0:00.10 -bash

$ [109/512]> top -b -n 1 -u root
  top - 16:07:35 up  0 min,  1 user,  load average: 0.08, 0.03, 0.01
  Tasks: 15 total,  0 running, 15 sleeping,  0 stopped,  0 zombie
  %Cpu(s):  1.2 us,  0.5 sy,  0.0 ni, 98.2 id,  0.1 wa,  0.0 hi,  0.0 si,  0.0 st
  MiB Mem :  3981.0 total,  1468.0 free,  1258.0 used,  1254.0 buff/cache
  MiB Swap:  2048.0 total,  2048.0 free,      0.0 used.  2519.0 avail Mem
  
      PID USER      PR  NI    VIRT    RES    SHR S  %CPU  %MEM     TIME+ COMMAND
        1 root       20    0    165M    12M     4M S   0.0   0.3   0:00.10 systemd
        2 root       20    0     43M     3M     4M S   0.0   0.1   0:00.10 sshd
        3 root       20    0      9M     2M     4M S   0.0   0.1   0:00.10 cron
        4 root       20    0    201M     4M     4M S   0.0   0.1   0:00.10 rsyslogd
        5 root       20    0     82M     4M     4M S   0.0   0.1   0:00.10 auditd
        6 root       20    0      7M     1M     4M S   0.0   0.0   0:00.10 atd
        7 systemd-resolve  20    0     91M     6M     4M S   0.0   0.2   0:00.10 systemd-resolved
        8 root       20    0     50M     5M     4M S   0.0   0.1   0:00.10 systemd-journald
        9 root       20    0     78M     3M     4M S   0.0   0.1   0:00.10 systemd-logind
       10 messagebus  20    0      9M     3M     4M S   0.0   0.1   0:00.10 dbus-daemon
       11 root       20    0     45M     4M     4M S   0.0   0.1   0:00.10 ifup
       12 root       20    0     50M     4M     4M S   0.0   0.1   0:00.10 ufw-init
       13 root       20    0      3M     0M     4M S   0.0   0.0   0:00.10 apparmor.systemd
       14 oracle     20    0     44M     4M     4M S   0.0   0.1   0:00.10 init.ohasd
       15 root       20    0     10M     4M     4M S   0.0   0.1   0:00.10 -bash

$ [110/512]> top -H -b -n 1
  top - 16:07:35 up  0 min,  1 user,  load average: 0.08, 0.03, 0.01
  Tasks: 15 total,  0 running, 15 sleeping,  0 stopped,  0 zombie
  %Cpu(s):  1.2 us,  0.5 sy,  0.0 ni, 98.2 id,  0.1 wa,  0.0 hi,  0.0 si,  0.0 st
  MiB Mem :  3981.0 total,  1468.0 free,  1258.0 used,  1254.0 buff/cache
  MiB Swap:  2048.0 total,  2048.0 free,      0.0 used.  2519.0 avail Mem
  
      PID USER      PR  NI    VIRT    RES    SHR S  %CPU  %MEM     TIME+ COMMAND
        1 root       20    0    165M    12M     4M S   0.0   0.3   0:00.10 systemd
        2 root       20    0     43M     3M     4M S   0.0   0.1   0:00.10 sshd
        3 root       20    0      9M     2M     4M S   0.0   0.1   0:00.10 cron
        4 root       20    0    201M     4M     4M S   0.0   0.1   0:00.10 rsyslogd
        5 root       20    0     82M     4M     4M S   0.0   0.1   0:00.10 auditd
        6 root       20    0      7M     1M     4M S   0.0   0.0   0:00.10 atd
        7 systemd-resolve  20    0     91M     6M     4M S   0.0   0.2   0:00.10 systemd-resolved
        8 root       20    0     50M     5M     4M S   0.0   0.1   0:00.10 systemd-journald
        9 root       20    0     78M     3M     4M S   0.0   0.1   0:00.10 systemd-logind
       10 messagebus  20    0      9M     3M     4M S   0.0   0.1   0:00.10 dbus-daemon
       11 root       20    0     45M     4M     4M S   0.0   0.1   0:00.10 ifup
       12 root       20    0     50M     4M     4M S   0.0   0.1   0:00.10 ufw-init
       13 root       20    0      3M     0M     4M S   0.0   0.0   0:00.10 apparmor.systemd
       14 oracle     20    0     44M     4M     4M S   0.0   0.1   0:00.10 init.ohasd
       15 root       20    0     10M     4M     4M S   0.0   0.1   0:00.10 -bash

$ [111/512]> vmstat
  vmstat: command not found

$ [112/512]> vmstat 1 3
  vmstat: command not found

$ [113/512]> vmstat -s
  vmstat: command not found

$ [114/512]> free
                 total        used        free      shared  buff/cache   available
  Mem:         3981312     1258496     1468416       24576     1254400     2519040
  Swap:        2097152           0     2097152

$ [115/512]> free -h
                 total        used        free      shared  buff/cache   available
  Mem:           3.8Gi       1.2Gi       1.4Gi        24Mi       1.2Gi       2.4Gi
  Swap:          2.0Gi          0B       2.0Gi

$ [116/512]> free -m
                 total        used        free      shared  buff/cache   available
  Mem:            3888        1229        1434          24        1225        2460
  Swap:           2048           0        2048

$ [117/512]> free -g
                 total        used        free      shared  buff/cache   available
  Mem:               4           1           1           0           1           2
  Swap:              2           0           2

$ [118/512]> free -k
                 total        used        free      shared  buff/cache   available
  Mem:         3981312     1258496     1468416       24576     1254400     2519040
  Swap:        2097152           0     2097152

$ [119/512]> free -b
                 total        used        free      shared  buff/cache   available
  Mem:      4076863488  1288699904  1503657984    25165824  1284505600  2579496960
  Swap:     2147483648           0  2147483648

$ [120/512]> free -t
                 total        used        free      shared  buff/cache   available
  Mem:         3981312     1258496     1468416       24576     1254400     2519040
  Swap:        2097152           0     2097152
  Total:       6078464     1258496     3565568

$ [121/512]> free -w
                 total        used        free      shared     buffers       cache   available
  Mem:         3981312     1258496     1468416       24576      204800     1049600     2519040
  Swap:        2097152           0     2097152

$ [122/512]> mpstat
  mpstat: command not found

$ [123/512]> mpstat -P ALL
  mpstat: command not found

$ [124/512]> iostat
  iostat: command not found

$ [125/512]> iostat -x
  iostat: command not found

$ [126/512]> top -z
  top - 16:07:35 up  0 min,  1 user,  load average: 0.08, 0.03, 0.01
  Tasks: 15 total,  0 running, 15 sleeping,  0 stopped,  0 zombie
  %Cpu(s):  1.2 us,  0.5 sy,  0.0 ni, 98.2 id,  0.1 wa,  0.0 hi,  0.0 si,  0.0 st
  MiB Mem :  3981.0 total,  1468.0 free,  1258.0 used,  1254.0 buff/cache
  MiB Swap:  2048.0 total,  2048.0 free,      0.0 used.  2519.0 avail Mem
  
      PID USER      PR  NI    VIRT    RES    SHR S  %CPU  %MEM     TIME+ COMMAND
        1 root       20    0    165M    12M     4M S   0.0   0.3   0:00.10 systemd
        2 root       20    0     43M     3M     4M S   0.0   0.1   0:00.10 sshd
        3 root       20    0      9M     2M     4M S   0.0   0.1   0:00.10 cron
        4 root       20    0    201M     4M     4M S   0.0   0.1   0:00.10 rsyslogd
        5 root       20    0     82M     4M     4M S   0.0   0.1   0:00.10 auditd
        6 root       20    0      7M     1M     4M S   0.0   0.0   0:00.10 atd
        7 systemd-resolve  20    0     91M     6M     4M S   0.0   0.2   0:00.10 systemd-resolved
        8 root       20    0     50M     5M     4M S   0.0   0.1   0:00.10 systemd-journald
        9 root       20    0     78M     3M     4M S   0.0   0.1   0:00.10 systemd-logind
       10 messagebus  20    0      9M     3M     4M S   0.0   0.1   0:00.10 dbus-daemon
       11 root       20    0     45M     4M     4M S   0.0   0.1   0:00.10 ifup
       12 root       20    0     50M     4M     4M S   0.0   0.1   0:00.10 ufw-init
       13 root       20    0      3M     0M     4M S   0.0   0.0   0:00.10 apparmor.systemd
       14 oracle     20    0     44M     4M     4M S   0.0   0.1   0:00.10 init.ohasd
       15 root       20    0     10M     4M     4M S   0.0   0.1   0:00.10 -bash

$ [127/512]> top -b -n abc
  top - 16:07:35 up  0 min,  1 user,  load average: 0.08, 0.03, 0.01
  Tasks: 15 total,  0 running, 15 sleeping,  0 stopped,  0 zombie
  %Cpu(s):  1.2 us,  0.5 sy,  0.0 ni, 98.2 id,  0.1 wa,  0.0 hi,  0.0 si,  0.0 st
  MiB Mem :  3981.0 total,  1468.0 free,  1258.0 used,  1254.0 buff/cache
  MiB Swap:  2048.0 total,  2048.0 free,      0.0 used.  2519.0 avail Mem
  
      PID USER      PR  NI    VIRT    RES    SHR S  %CPU  %MEM     TIME+ COMMAND
        1 root       20    0    165M    12M     4M S   0.0   0.3   0:00.10 systemd
        2 root       20    0     43M     3M     4M S   0.0   0.1   0:00.10 sshd
        3 root       20    0      9M     2M     4M S   0.0   0.1   0:00.10 cron
        4 root       20    0    201M     4M     4M S   0.0   0.1   0:00.10 rsyslogd
        5 root       20    0     82M     4M     4M S   0.0   0.1   0:00.10 auditd
        6 root       20    0      7M     1M     4M S   0.0   0.0   0:00.10 atd
        7 systemd-resolve  20    0     91M     6M     4M S   0.0   0.2   0:00.10 systemd-resolved
        8 root       20    0     50M     5M     4M S   0.0   0.1   0:00.10 systemd-journald
        9 root       20    0     78M     3M     4M S   0.0   0.1   0:00.10 systemd-logind
       10 messagebus  20    0      9M     3M     4M S   0.0   0.1   0:00.10 dbus-daemon
       11 root       20    0     45M     4M     4M S   0.0   0.1   0:00.10 ifup
       12 root       20    0     50M     4M     4M S   0.0   0.1   0:00.10 ufw-init
       13 root       20    0      3M     0M     4M S   0.0   0.0   0:00.10 apparmor.systemd
       14 oracle     20    0     44M     4M     4M S   0.0   0.1   0:00.10 init.ohasd
       15 root       20    0     10M     4M     4M S   0.0   0.1   0:00.10 -bash


--- [128] § /proc ---
$ [128/512]> ls /proc
  1        12       15       4        7        cpuinfo  self     version
  10       13       2        5        8        meminfo  sys
  11       14       3        6        9        net      uptime

$ [129/512]> cat /proc/cpuinfo
  processor       : 0
  vendor_id       : GenuineIntel
  cpu family      : 6
  model           : 79
  model name      : Intel(R) Xeon(R) CPU E5-2686 v4 @ 2.30GHz
  stepping        : 1
  microcode       : 0xb000040
  cpu MHz         : 2300.000
  cache size      : 46080 KB
  physical id     : 0
  siblings        : 2
  core id         : 0
  cpu cores       : 2
  fpu             : yes
  fpu_exception   : yes
  cpuid level     : 13
  wp              : yes
  flags           : fpu vme de pse tsc msr pae mce cx8 apic sep mtrr pge mca cmov pat pse36 clflush mmx fxsr sse sse2 ss ht syscall nx pdpe1gb rdtscp lm constant_tsc rep_good nopl xtopology nonstop_tsc cpuid pni pclmulqdq ssse3 fma cx16 pcid sse4_1 sse4_2 x2apic movbe popcnt aes xsave avx f16c rdrand hypervisor lahf_lm abm 3dnowprefetch invpcid_single pti fsgsbase bmi1 avx2 smep bmi2 erms invpcid xsaveopt
  bogomips        : 4600.00
  clflush size    : 64
  cache_alignment : 64
  address sizes   : 46 bits physical, 48 bits virtual
  power management:
  
  processor       : 1
  vendor_id       : GenuineIntel
  cpu family      : 6
  model           : 79
  model name      : Intel(R) Xeon(R) CPU E5-2686 v4 @ 2.30GHz
  stepping        : 1
  microcode       : 0xb000040
  cpu MHz         : 2300.000
  cache size      : 46080 KB
  physical id     : 0
  siblings        : 2
  core id         : 1
  cpu cores       : 2
  fpu             : yes
  fpu_exception   : yes
  cpuid level     : 13
  wp              : yes
  flags           : fpu vme de pse tsc msr pae mce cx8 apic sep mtrr pge mca cmov pat pse36 clflush mmx fxsr sse sse2 ss ht syscall nx pdpe1gb rdtscp lm constant_tsc rep_good nopl xtopology nonstop_tsc cpuid pni pclmulqdq ssse3 fma cx16 pcid sse4_1 sse4_2 x2apic movbe popcnt aes xsave avx f16c rdrand hypervisor lahf_lm abm 3dnowprefetch invpcid_single pti fsgsbase bmi1 avx2 smep bmi2 erms invpcid xsaveopt
  bogomips        : 4600.00
  clflush size    : 64
  cache_alignment : 64
  address sizes   : 46 bits physical, 48 bits virtual
  power management:

$ [130/512]> cat /proc/meminfo
  MemTotal:        3981312 kB
  MemFree:         1468416 kB
  MemAvailable:    2519040 kB
  Buffers:          204800 kB
  Cached:          1049600 kB
  SwapCached:            0 kB
  Active:           755098 kB
  Inactive:         503398 kB
  SwapTotal:       2097152 kB
  SwapFree:        2097152 kB
  Shmem:             24576 kB

$ [131/512]> cat /proc/loadavg
  cat: /proc/loadavg: No such file or directory

$ [132/512]> cat /proc/uptime
  0.00 0.00

$ [133/512]> cat /proc/version
  Linux version 5.15.0-130-generic (buildd@lcy02-amd64-001) (gcc (Ubuntu 11.4.0-1ubuntu1~22.04) 11.4.0, GNU ld (GNU Binutils for Ubuntu) 2.38) #140-Ubuntu SMP Wed Apr 16 12:00:00 UTC 2025

$ [134/512]> cat /proc/stat | head
  cat: /proc/stat: No such file or directory

$ [135/512]> cat /proc/1/status
  Name:	systemd
  State:	S (sleeping)
  Tgid:	1
  Pid:	1
  PPid:	0
  Uid:	0	0	0	0
  Gid:	0	0	0	0
  VmSize:	169000 kB
  VmRSS:	13000 kB

$ [136/512]> cat /proc/1/cmdline
   

$ [137/512]> cat /proc/1/comm
  systemd

$ [138/512]> cat /proc/self/status
  cat: /proc/self/status: No such file or directory

$ [139/512]> cat /proc/self/cmdline
  cat: /proc/self/cmdline: No such file or directory

$ [140/512]> cat /proc/self/limits
  cat: /proc/self/limits: No such file or directory

$ [141/512]> ls /proc/1
  cmdline  comm     stat     status

$ [142/512]> ls /proc/1/fd
  ls: cannot access '/proc/1/fd': No such file or directory

$ [143/512]> cat /proc/sys/kernel/hostname
  cat: /proc/sys/kernel/hostname: No such file or directory

$ [144/512]> cat /proc/sys/kernel/ostype
  Linux

$ [145/512]> cat /proc/sys/kernel/pid_max
  cat: /proc/sys/kernel/pid_max: No such file or directory

$ [146/512]> cat /proc/sys/fs/file-max
  cat: /proc/sys/fs/file-max: No such file or directory

$ [147/512]> cat /proc/999999/status
  cat: /proc/999999/status: No such file or directory

$ [148/512]> cat /proc/inexistant
  cat: /proc/inexistant: No such file or directory


--- [149] § priorités (nice/renice/chrt/ionice) ---
$ [149/512]> nice
  0

$ [150/512]> nice -n 10 sleep 30 &
  [1] 16

$ [151/512]> ps -o pid,ni,comm -C sleep
  PID   NI  COMMAND

$ [152/512]> nice -n 19 sleep 30 &
  [2] 17

$ [153/512]> ps -o pid,ni,comm -C sleep
  PID   NI  COMMAND

$ [154/512]> nice --adjustment=5 sleep 30 &
  [3] 18

$ [155/512]> ps -o pid,ni,comm -C sleep
  PID   NI  COMMAND

$ [156/512]> renice 5 -p $$
  15 (process ID) old priority 0, new priority 5

$ [157/512]> ps -o pid,ni,comm -p $$
  PID   NI  COMMAND
     15   5 -bash

$ [158/512]> renice -n 8 -p $$
  15 (process ID) old priority 5, new priority 8

$ [159/512]> ps -o pid,ni,comm -p $$
  PID   NI  COMMAND
     15   8 -bash

$ [160/512]> renice 0 -p $$
  15 (process ID) old priority 8, new priority 0

$ [161/512]> ps -o pid,ni,comm -p $$
  PID   NI  COMMAND
     15   0 -bash

$ [162/512]> renice -10 -p $$
  15 (process ID) old priority 0, new priority -10

$ [163/512]> ps -o pid,ni,comm -p $$
  PID   NI  COMMAND
     15 -10 -bash

$ [164/512]> renice 5 -u root
  1 (process ID) old priority 0, new priority 5
  2 (process ID) old priority 0, new priority 5
  3 (process ID) old priority 0, new priority 5
  4 (process ID) old priority 0, new priority 5
  5 (process ID) old priority 0, new priority 5
  6 (process ID) old priority 0, new priority 5
  8 (process ID) old priority 0, new priority 5
  9 (process ID) old priority 0, new priority 5
  11 (process ID) old priority 0, new priority 5
  12 (process ID) old priority 0, new priority 5
  13 (process ID) old priority 0, new priority 5
  15 (process ID) old priority -10, new priority 5
  16 (process ID) old priority 0, new priority 5
  17 (process ID) old priority 0, new priority 5
  18 (process ID) old priority 0, new priority 5

$ [165/512]> chrt -p $$
  pid 15's current scheduling policy: SCHED_OTHER
  pid 15's current scheduling priority: 0

$ [166/512]> chrt -m
  SCHED_OTHER min/max priority	: 0/0
  SCHED_FIFO min/max priority	: 1/99
  SCHED_RR min/max priority	: 1/99
  SCHED_BATCH min/max priority	: 0/0
  SCHED_IDLE min/max priority	: 0/0

$ [167/512]> chrt -p 1
  pid 1's current scheduling policy: SCHED_OTHER
  pid 1's current scheduling priority: 0

$ [168/512]> ionice -p $$
  best-effort: prio 4

$ [169/512]> ionice -c 2 -n 0 -p $$
<empty>

$ [170/512]> ionice -p $$
  best-effort: prio 0

$ [171/512]> taskset -p $$
  pid 15's current affinity mask: 1

$ [172/512]> taskset -pc $$
  pid 15's current affinity list: 0-0

$ [173/512]> nice -n abc sleep 1
  nice: invalid adjustment 'abc'

$ [174/512]> renice abc -p $$
  renice: invalid priority 'abc'

$ [175/512]> renice 5 -p 999999
  renice: failed to set priority for 999999 (process ID): No such process

$ [176/512]> renice 5
  renice: usage: renice [-n] priority [-p|--pid] pid...

$ [177/512]> chrt -p abc
  chrt: failed to get pid abc's policy: No such process

$ [178/512]> ionice -c 9 -p $$
  ionice: invalid class: 9


--- [179] § ulimit ---
$ [179/512]> ulimit -a
  core file size          (blocks, -c) unlimited
  data seg size           (kbytes, -d) unlimited
  scheduling priority             (-e) 0
  file size               (blocks, -f) unlimited
  pending signals                 (-i) 15730
  max locked memory       (kbytes, -l) 67108864
  max memory size         (kbytes, -m) unlimited
  open files                      (-n) 1024
  pipe size            (512 bytes, -p) 8
  POSIX message queues     (bytes, -q) 819200
  real-time priority              (-r) 0
  stack size              (kbytes, -s) 8192
  cpu time               (seconds, -t) unlimited
  max user processes              (-u) 15730
  virtual memory          (kbytes, -v) unlimited
  file locks                      (-x) unlimited

$ [180/512]> ulimit -n
  1024

$ [181/512]> ulimit -u
  15730

$ [182/512]> ulimit -f
  unlimited

$ [183/512]> ulimit -s
  8192

$ [184/512]> ulimit -c
  unlimited

$ [185/512]> ulimit -t
  unlimited

$ [186/512]> ulimit -v
  unlimited

$ [187/512]> ulimit -l
  67108864

$ [188/512]> ulimit -Hn
  bash: ulimit: -Hn: invalid option

$ [189/512]> ulimit -Sn
  bash: ulimit: -Sn: invalid option

$ [190/512]> ulimit -n 4096
  1024

$ [191/512]> ulimit -n
  1024

$ [192/512]> ulimit -S -n 2048
  bash: ulimit: -S: invalid option

$ [193/512]> ulimit -S -n
  bash: ulimit: -S: invalid option

$ [194/512]> ulimit -c unlimited
  unlimited

$ [195/512]> ulimit -c
  unlimited

$ [196/512]> ulimit -f 1000000
  unlimited

$ [197/512]> ulimit -f
  unlimited

$ [198/512]> ulimit -a
  core file size          (blocks, -c) unlimited
  data seg size           (kbytes, -d) unlimited
  scheduling priority             (-e) 0
  file size               (blocks, -f) unlimited
  pending signals                 (-i) 15730
  max locked memory       (kbytes, -l) 67108864
  max memory size         (kbytes, -m) unlimited
  open files                      (-n) 1024
  pipe size            (512 bytes, -p) 8
  POSIX message queues     (bytes, -q) 819200
  real-time priority              (-r) 0
  stack size              (kbytes, -s) 8192
  cpu time               (seconds, -t) unlimited
  max user processes              (-u) 15730
  virtual memory          (kbytes, -v) unlimited
  file locks                      (-x) unlimited

$ [199/512]> ulimit -n abc
  1024

$ [200/512]> ulimit -x
  unlimited

$ [201/512]> ulimit -n -5
  1024


--- [202] § sysctl ---
$ [202/512]> sysctl -a | head -20
<empty>

$ [203/512]> sysctl kernel.hostname
<empty>

$ [204/512]> sysctl kernel.pid_max
<empty>

$ [205/512]> sysctl kernel.threads-max
<empty>

$ [206/512]> sysctl fs.file-max
<empty>

$ [207/512]> sysctl vm.swappiness
<empty>

$ [208/512]> sysctl net.ipv4.ip_forward
  net.ipv4.ip_forward = 0

$ [209/512]> sysctl -w vm.swappiness=30
<empty>

$ [210/512]> sysctl vm.swappiness
<empty>

$ [211/512]> sysctl -w net.ipv4.ip_forward=1
  net.ipv4.ip_forward = 1

$ [212/512]> sysctl net.ipv4.ip_forward
  net.ipv4.ip_forward = 1

$ [213/512]> sysctl -w kernel.pid_max=99999
<empty>

$ [214/512]> sysctl kernel.pid_max
<empty>

$ [215/512]> cat /proc/sys/kernel/pid_max
  cat: /proc/sys/kernel/pid_max: No such file or directory

$ [216/512]> sysctl -w net.ipv4.ip_forward=0
  net.ipv4.ip_forward = 0

$ [217/512]> sysctl net.ipv4.ip_forward
  net.ipv4.ip_forward = 0

$ [218/512]> sysctl -p
<empty>

$ [219/512]> sysctl --system
<empty>

$ [220/512]> sysctl kernel.cle_inexistante
<empty>

$ [221/512]> sysctl -w kernel.cle_inexistante=1
<empty>

$ [222/512]> sysctl -w vm.swappiness
<empty>

$ [223/512]> sysctl -w vm.swappiness=abc
<empty>

$ [224/512]> sysctl
<empty>


--- [225] § jobs / bg / fg / nohup ---
$ [225/512]> sleep 60 &
  [4] 19

$ [226/512]> jobs
  [1]  Running               nice -n 10 sleep 30 &
  [2]  Running               nice -n 19 sleep 30 &
  [3]- Running               nice --adjustment=5 sleep 30 &
  [4]+ Running               sleep 60 &

$ [227/512]> jobs -l
  [1]     16 Running               nice -n 10 sleep 30 &
  [2]     17 Running               nice -n 19 sleep 30 &
  [3]-    18 Running               nice --adjustment=5 sleep 30 &
  [4]+    19 Running               sleep 60 &

$ [228/512]> jobs -p
  16
  17
  18
  19

$ [229/512]> sleep 90 &
  [5] 20

$ [230/512]> jobs
  [1]  Running               nice -n 10 sleep 30 &
  [2]  Running               nice -n 19 sleep 30 &
  [3]  Running               nice --adjustment=5 sleep 30 &
  [4]- Running               sleep 60 &
  [5]+ Running               sleep 90 &

$ [231/512]> sleep 120 &
  [6] 21

$ [232/512]> jobs -l
  [1]     16 Running               nice -n 10 sleep 30 &
  [2]     17 Running               nice -n 19 sleep 30 &
  [3]     18 Running               nice --adjustment=5 sleep 30 &
  [4]     19 Running               sleep 60 &
  [5]-    20 Running               sleep 90 &
  [6]+    21 Running               sleep 120 &

$ [233/512]> kill %1
<empty>

$ [234/512]> jobs
  [2]  Running               nice -n 19 sleep 30 &
  [3]  Running               nice --adjustment=5 sleep 30 &
  [4]  Running               sleep 60 &
  [5]- Running               sleep 90 &
  [6]+ Running               sleep 120 &

$ [235/512]> fg %2
  nice -n 19 sleep 30

$ [236/512]> bg %2
  bash: bg: %2: no such job

$ [237/512]> disown %2
  bash: disown: %2: no such job

$ [238/512]> jobs
  [3]  Running               nice --adjustment=5 sleep 30 &
  [4]  Running               sleep 60 &
  [5]- Running               sleep 90 &
  [6]+ Running               sleep 120 &

$ [239/512]> nohup sleep 200 &
  nohup: ignoring input and appending output to 'nohup.out'
  [7] 22

$ [240/512]> jobs
  [3]  Running               nice --adjustment=5 sleep 30 &
  [4]  Running               sleep 60 &
  [5]  Running               sleep 90 &
  [6]- Running               sleep 120 &
  [7]+ Running               sleep 200 &

$ [241/512]> ps -C sleep -o pid,ppid,stat,comm
  PID   PPID  STAT COMMAND
     19    15 S    sleep
     20    15 S    sleep
     21    15 S    sleep
     22     1 S    sleep

$ [242/512]> wait
<empty>

$ [243/512]> fg %99
  bash: fg: %99: no such job

$ [244/512]> bg %99
  bash: bg: %99: no such job

$ [245/512]> kill %99
  bash: kill: %99: no such job

$ [246/512]> disown %99
  bash: disown: %99: no such job

$ [247/512]> fg
  sleep 200

$ [248/512]> jobs %abc
  bash: jobs: %abc: no such job


--- [249] § kill / killall / pkill / timeout ---
$ [249/512]> sleep 300 &
  [8] 23

$ [250/512]> ps -C sleep -o pid,comm
  PID   COMMAND
     19 sleep
     20 sleep
     21 sleep
     22 sleep
     23 sleep

$ [251/512]> kill -l
  1) SIGHUP
  2) SIGINT
  3) SIGQUIT
  9) SIGKILL
  10) SIGUSR1
  12) SIGUSR2
  13) SIGPIPE
  14) SIGALRM
  15) SIGTERM
  17) SIGCHLD
  18) SIGCONT
  19) SIGSTOP

$ [252/512]> kill -l 9
  1) SIGHUP
  2) SIGINT
  3) SIGQUIT
  9) SIGKILL
  10) SIGUSR1
  12) SIGUSR2
  13) SIGPIPE
  14) SIGALRM
  15) SIGTERM
  17) SIGCHLD
  18) SIGCONT
  19) SIGSTOP

$ [253/512]> kill -l SIGTERM
  1) SIGHUP
  2) SIGINT
  3) SIGQUIT
  9) SIGKILL
  10) SIGUSR1
  12) SIGUSR2
  13) SIGPIPE
  14) SIGALRM
  15) SIGTERM
  17) SIGCHLD
  18) SIGCONT
  19) SIGSTOP

$ [254/512]> kill -0 $$
  kill: 0: invalid signal specification

$ [255/512]> kill -SIGTERM %1
  bash: kill: %1: no such job

$ [256/512]> sleep 300 &
  [9] 24

$ [257/512]> kill -15 $!
  kill: $!: arguments must be process or job IDs

$ [258/512]> sleep 300 &
  [10] 25

$ [259/512]> kill -9 $!
  kill: $!: arguments must be process or job IDs

$ [260/512]> sleep 300 &
  [11] 26

$ [261/512]> kill -TERM $!
  kill: $!: arguments must be process or job IDs

$ [262/512]> sleep 300 &
  [12] 27

$ [263/512]> pkill sleep
<empty>

$ [264/512]> pgrep sleep
<empty>

$ [265/512]> sleep 300 &
  [13] 28

$ [266/512]> killall sleep
<empty>

$ [267/512]> sleep 300 &
  [14] 29

$ [268/512]> killall -9 sleep
<empty>

$ [269/512]> killall -v sleep
  sleep: no process found

$ [270/512]> pkill -f "sleep 300"
<empty>

$ [271/512]> pkill -u root sleep
<empty>

$ [272/512]> timeout 1 sleep 5
<empty>

$ [273/512]> timeout 2 sleep 1
<empty>

$ [274/512]> timeout --signal=KILL 1 sleep 5
<empty>

$ [275/512]> timeout -s TERM 1 sleep 5
  1: command not found

$ [276/512]> kill
  kill: usage: kill [-s sigspec | -n signum | -sigspec] pid | jobspec ... or kill -l [sigspec]

$ [277/512]> kill abc
  kill: abc: arguments must be process or job IDs

$ [278/512]> kill -99 1
  kill: 99: invalid signal specification

$ [279/512]> kill -SIGFOO 1
  kill: SIGFOO: invalid signal specification

$ [280/512]> kill 999999
  kill: (999999) - No such process

$ [281/512]> kill -9 999999
  kill: (999999) - No such process

$ [282/512]> killall
  killall: usage: killall [OPTION]... [--] NAME...

$ [283/512]> killall processus_inexistant_xyz
  processus_inexistant_xyz: no process found

$ [284/512]> pkill
  pkill: no matching criteria specified

$ [285/512]> pkill processus_inexistant_xyz
<empty>

$ [286/512]> kill -9 1
  kill: (1) - Operation not permitted

$ [287/512]> kill 1
  kill: (1) - Operation not permitted


--- [288] § systemctl inventaire ---
$ [288/512]> systemctl
  systemctl [OPTIONS...] COMMAND ...
  
  Query or send control commands to the system manager.
  
  Common commands: start stop restart reload status enable disable
                   is-active is-enabled list-units list-unit-files
                   daemon-reload

$ [289/512]> systemctl --version
  systemd 249 (249.11-0ubuntu3)
  +PAM +AUDIT +SELINUX +APPARMOR +SYSVINIT

$ [290/512]> systemctl status
  ● localhost
      State: running
       Jobs: 0 queued
     Failed: 0 units
     Since: Wed, 03 Jun 2026 16:07:35 GMT
     CGroup: /

$ [291/512]> systemctl is-system-running
  Unknown command verb is-system-running.

$ [292/512]> systemctl list-units
    UNIT                          LOAD   ACTIVE SUB     DESCRIPTION
    apache2.service                loaded inactive dead     The Apache HTTP Server
    apparmor.service               loaded active   running  Load AppArmor profiles
    atd.service                    loaded active   running  Deferred execution scheduler
    auditd.service                 loaded active   running  Security Auditing Service
    cron.service                   loaded active   running  Regular background program processing daemon
    dbus.service                   loaded active   running  D-Bus System Message Bus
    mysql.service                  loaded inactive dead     MySQL Community Server
    networking.service             loaded active   running  Raise network interfaces
    nginx.service                  loaded inactive dead     A high performance web server and a reverse proxy server
    oracle-ohasd.service           loaded active   running  Oracle High Availability Services
    postgresql.service             loaded inactive dead     PostgreSQL RDBMS
    rsyslog.service                loaded active   running  System Logging Service
    ssh.service                    loaded active   running  OpenBSD Secure Shell server
    systemd-journald.service       loaded active   running  Journal Service
    systemd-logind.service         loaded active   running  User Login Management
    systemd-resolved.service       loaded active   running  Network Name Resolution
    ufw.service                    loaded active   running  Uncomplicated firewall
  
  LOAD   = Reflects whether the unit definition was properly loaded.
  ACTIVE = The high-level unit activation state, i.e. generalization of SUB.
  SUB    = The low-level unit activation state, values depend on unit type.
  
  17 loaded units listed. Pass --all to see loaded but inactive units, too.
  To show all installed unit files use 'systemctl list-unit-files'.

$ [293/512]> systemctl list-units --type=service
    UNIT                          LOAD   ACTIVE SUB     DESCRIPTION
    apache2.service                loaded inactive dead     The Apache HTTP Server
    apparmor.service               loaded active   running  Load AppArmor profiles
    atd.service                    loaded active   running  Deferred execution scheduler
    auditd.service                 loaded active   running  Security Auditing Service
    cron.service                   loaded active   running  Regular background program processing daemon
    dbus.service                   loaded active   running  D-Bus System Message Bus
    mysql.service                  loaded inactive dead     MySQL Community Server
    networking.service             loaded active   running  Raise network interfaces
    nginx.service                  loaded inactive dead     A high performance web server and a reverse proxy server
    oracle-ohasd.service           loaded active   running  Oracle High Availability Services
    postgresql.service             loaded inactive dead     PostgreSQL RDBMS
    rsyslog.service                loaded active   running  System Logging Service
    ssh.service                    loaded active   running  OpenBSD Secure Shell server
    systemd-journald.service       loaded active   running  Journal Service
    systemd-logind.service         loaded active   running  User Login Management
    systemd-resolved.service       loaded active   running  Network Name Resolution
    ufw.service                    loaded active   running  Uncomplicated firewall
  
  LOAD   = Reflects whether the unit definition was properly loaded.
  ACTIVE = The high-level unit activation state, i.e. generalization of SUB.
  SUB    = The low-level unit activation state, values depend on unit type.
  
  17 loaded units listed. Pass --all to see loaded but inactive units, too.
  To show all installed unit files use 'systemctl list-unit-files'.

$ [294/512]> systemctl list-units --type=service --state=running
    UNIT                          LOAD   ACTIVE SUB     DESCRIPTION
  
  LOAD   = Reflects whether the unit definition was properly loaded.
  ACTIVE = The high-level unit activation state, i.e. generalization of SUB.
  SUB    = The low-level unit activation state, values depend on unit type.
  
  0 loaded units listed. Pass --all to see loaded but inactive units, too.
  To show all installed unit files use 'systemctl list-unit-files'.

$ [295/512]> systemctl list-units --type=service --all
    UNIT                          LOAD   ACTIVE SUB     DESCRIPTION
    apache2.service                loaded inactive dead     The Apache HTTP Server
    apparmor.service               loaded active   running  Load AppArmor profiles
    atd.service                    loaded active   running  Deferred execution scheduler
    auditd.service                 loaded active   running  Security Auditing Service
    cron.service                   loaded active   running  Regular background program processing daemon
    dbus.service                   loaded active   running  D-Bus System Message Bus
    mysql.service                  loaded inactive dead     MySQL Community Server
    networking.service             loaded active   running  Raise network interfaces
    nginx.service                  loaded inactive dead     A high performance web server and a reverse proxy server
    oracle-ohasd.service           loaded active   running  Oracle High Availability Services
    postgresql.service             loaded inactive dead     PostgreSQL RDBMS
    rsyslog.service                loaded active   running  System Logging Service
    ssh.service                    loaded active   running  OpenBSD Secure Shell server
    systemd-journald.service       loaded active   running  Journal Service
    systemd-logind.service         loaded active   running  User Login Management
    systemd-resolved.service       loaded active   running  Network Name Resolution
    ufw.service                    loaded active   running  Uncomplicated firewall
  
  LOAD   = Reflects whether the unit definition was properly loaded.
  ACTIVE = The high-level unit activation state, i.e. generalization of SUB.
  SUB    = The low-level unit activation state, values depend on unit type.
  
  17 loaded units listed. Pass --all to see loaded but inactive units, too.
  To show all installed unit files use 'systemctl list-unit-files'.

$ [296/512]> systemctl list-units --state=failed
    UNIT                          LOAD   ACTIVE SUB     DESCRIPTION
  
  LOAD   = Reflects whether the unit definition was properly loaded.
  ACTIVE = The high-level unit activation state, i.e. generalization of SUB.
  SUB    = The low-level unit activation state, values depend on unit type.
  
  0 loaded units listed. Pass --all to see loaded but inactive units, too.
  To show all installed unit files use 'systemctl list-unit-files'.

$ [297/512]> systemctl list-unit-files
    UNIT                          LOAD   ACTIVE SUB     DESCRIPTION
    apache2.service                loaded inactive dead     The Apache HTTP Server
    apparmor.service               loaded active   running  Load AppArmor profiles
    atd.service                    loaded active   running  Deferred execution scheduler
    auditd.service                 loaded active   running  Security Auditing Service
    cron.service                   loaded active   running  Regular background program processing daemon
    dbus.service                   loaded active   running  D-Bus System Message Bus
    mysql.service                  loaded inactive dead     MySQL Community Server
    networking.service             loaded active   running  Raise network interfaces
    nginx.service                  loaded inactive dead     A high performance web server and a reverse proxy server
    oracle-ohasd.service           loaded active   running  Oracle High Availability Services
    postgresql.service             loaded inactive dead     PostgreSQL RDBMS
    rsyslog.service                loaded active   running  System Logging Service
    ssh.service                    loaded active   running  OpenBSD Secure Shell server
    systemd-journald.service       loaded active   running  Journal Service
    systemd-logind.service         loaded active   running  User Login Management
    systemd-resolved.service       loaded active   running  Network Name Resolution
    ufw.service                    loaded active   running  Uncomplicated firewall
  
  LOAD   = Reflects whether the unit definition was properly loaded.
  ACTIVE = The high-level unit activation state, i.e. generalization of SUB.
  SUB    = The low-level unit activation state, values depend on unit type.
  
  17 loaded units listed. Pass --all to see loaded but inactive units, too.
  To show all installed unit files use 'systemctl list-unit-files'.

$ [298/512]> systemctl list-unit-files --type=service
    UNIT                          LOAD   ACTIVE SUB     DESCRIPTION
    apache2.service                loaded inactive dead     The Apache HTTP Server
    apparmor.service               loaded active   running  Load AppArmor profiles
    atd.service                    loaded active   running  Deferred execution scheduler
    auditd.service                 loaded active   running  Security Auditing Service
    cron.service                   loaded active   running  Regular background program processing daemon
    dbus.service                   loaded active   running  D-Bus System Message Bus
    mysql.service                  loaded inactive dead     MySQL Community Server
    networking.service             loaded active   running  Raise network interfaces
    nginx.service                  loaded inactive dead     A high performance web server and a reverse proxy server
    oracle-ohasd.service           loaded active   running  Oracle High Availability Services
    postgresql.service             loaded inactive dead     PostgreSQL RDBMS
    rsyslog.service                loaded active   running  System Logging Service
    ssh.service                    loaded active   running  OpenBSD Secure Shell server
    systemd-journald.service       loaded active   running  Journal Service
    systemd-logind.service         loaded active   running  User Login Management
    systemd-resolved.service       loaded active   running  Network Name Resolution
    ufw.service                    loaded active   running  Uncomplicated firewall
  
  LOAD   = Reflects whether the unit definition was properly loaded.
  ACTIVE = The high-level unit activation state, i.e. generalization of SUB.
  SUB    = The low-level unit activation state, values depend on unit type.
  
  17 loaded units listed. Pass --all to see loaded but inactive units, too.
  To show all installed unit files use 'systemctl list-unit-files'.

$ [299/512]> systemctl list-unit-files --state=enabled
    UNIT                          LOAD   ACTIVE SUB     DESCRIPTION
  
  LOAD   = Reflects whether the unit definition was properly loaded.
  ACTIVE = The high-level unit activation state, i.e. generalization of SUB.
  SUB    = The low-level unit activation state, values depend on unit type.
  
  0 loaded units listed. Pass --all to see loaded but inactive units, too.
  To show all installed unit files use 'systemctl list-unit-files'.

$ [300/512]> systemctl --failed
    UNIT                          LOAD   ACTIVE SUB     DESCRIPTION
  
  LOAD   = Reflects whether the unit definition was properly loaded.
  ACTIVE = The high-level unit activation state, i.e. generalization of SUB.
  SUB    = The low-level unit activation state, values depend on unit type.
  
  0 loaded units listed. Pass --all to see loaded but inactive units, too.
  To show all installed unit files use 'systemctl list-unit-files'.

$ [301/512]> systemctl --type=service
    UNIT                          LOAD   ACTIVE SUB     DESCRIPTION
    apache2.service                loaded inactive dead     The Apache HTTP Server
    apparmor.service               loaded active   running  Load AppArmor profiles
    atd.service                    loaded active   running  Deferred execution scheduler
    auditd.service                 loaded active   running  Security Auditing Service
    cron.service                   loaded active   running  Regular background program processing daemon
    dbus.service                   loaded active   running  D-Bus System Message Bus
    mysql.service                  loaded inactive dead     MySQL Community Server
    networking.service             loaded active   running  Raise network interfaces
    nginx.service                  loaded inactive dead     A high performance web server and a reverse proxy server
    oracle-ohasd.service           loaded active   running  Oracle High Availability Services
    postgresql.service             loaded inactive dead     PostgreSQL RDBMS
    rsyslog.service                loaded active   running  System Logging Service
    ssh.service                    loaded active   running  OpenBSD Secure Shell server
    systemd-journald.service       loaded active   running  Journal Service
    systemd-logind.service         loaded active   running  User Login Management
    systemd-resolved.service       loaded active   running  Network Name Resolution
    ufw.service                    loaded active   running  Uncomplicated firewall
  
  LOAD   = Reflects whether the unit definition was properly loaded.
  ACTIVE = The high-level unit activation state, i.e. generalization of SUB.
  SUB    = The low-level unit activation state, values depend on unit type.
  
  17 loaded units listed. Pass --all to see loaded but inactive units, too.
  To show all installed unit files use 'systemctl list-unit-files'.

$ [302/512]> systemctl get-default
  multi-user.target

$ [303/512]> systemctl status cron
  ● cron.service - Regular background program processing daemon
       Loaded: loaded (/usr/lib/systemd/system/cron.service; enabled; vendor preset: enabled)
       Active: active (running) since Wed, 03 Jun 2026 16:07:35 GMT
     Main PID: 30 (cron)
        Tasks: 1
       CGroup: /system.slice/cron.service
               └─30 /usr/sbin/cron -f

$ [304/512]> systemctl status ssh
  ● ssh.service - OpenBSD Secure Shell server
       Loaded: loaded (/usr/lib/systemd/system/ssh.service; enabled; vendor preset: enabled)
       Active: active (running) since Wed, 03 Jun 2026 16:07:35 GMT
     Main PID: 2 (ssh)
        Tasks: 1
       CGroup: /system.slice/ssh.service
               └─2 /usr/sbin/sshd -D

$ [305/512]> systemctl status sshd
  Unit sshd.service could not be found.

$ [306/512]> systemctl status systemd-journald
  ● systemd-journald.service - Journal Service
       Loaded: loaded (/usr/lib/systemd/system/systemd-journald.service; enabled; vendor preset: enabled)
       Active: active (running) since Wed, 03 Jun 2026 16:07:35 GMT
     Main PID: 8 (systemd-journald)
        Tasks: 1
       CGroup: /system.slice/systemd-journald.service
               └─8 /lib/systemd/systemd-journald

$ [307/512]> systemctl status systemd-logind
  ● systemd-logind.service - User Login Management
       Loaded: loaded (/usr/lib/systemd/system/systemd-logind.service; enabled; vendor preset: enabled)
       Active: active (running) since Wed, 03 Jun 2026 16:07:35 GMT
     Main PID: 9 (systemd-logind)
        Tasks: 1
       CGroup: /system.slice/systemd-logind.service
               └─9 /lib/systemd/systemd-logind

$ [308/512]> systemctl status dbus
  ● dbus.service - D-Bus System Message Bus
       Loaded: loaded (/usr/lib/systemd/system/dbus.service; enabled; vendor preset: enabled)
       Active: active (running) since Wed, 03 Jun 2026 16:07:35 GMT
     Main PID: 10 (dbus)
        Tasks: 1
       CGroup: /system.slice/dbus.service
               └─10 /usr/bin/dbus-daemon --system --address=systemd: --nofork --nopidfile --systemd-activation --syslog-only

$ [309/512]> systemctl cat cron
  # /usr/lib/systemd/system/cron.service
  [Unit]
  Description=Regular background program processing daemon
  
  [Service]
  Type=forking
  ExecStart=/usr/sbin/cron -f
  User=root
  
  [Install]
  WantedBy=multi-user.target

$ [310/512]> systemctl show cron
  Id=cron.service
  Description=Regular background program processing daemon
  LoadState=loaded
  ActiveState=active
  SubState=running
  UnitFileState=enabled
  MainPID=30
  Type=forking
  User=root
  ExecStart=/usr/sbin/cron -f
  Restart=on-failure
  FragmentPath=/usr/lib/systemd/system/cron.service

$ [311/512]> systemctl show -p MainPID cron
  MainPID=30

$ [312/512]> systemctl show -p ActiveState,SubState cron
  ActiveState=active
  SubState=running

$ [313/512]> systemctl list-dependencies cron
  cron.service
  ● └─network.target

$ [314/512]> systemctl list-sockets
  LISTEN UNIT ACTIVATES
  
  0 sockets listed.

$ [315/512]> systemctl list-timers
  NEXT LEFT LAST PASSED UNIT ACTIVATES
  
  0 timers listed.

$ [316/512]> systemctl status service_inexistant_xyz
  Unit service_inexistant_xyz.service could not be found.

$ [317/512]> systemctl statuss cron
  Unknown command verb statuss.

$ [318/512]> systemctl --type=truc
    UNIT                          LOAD   ACTIVE SUB     DESCRIPTION
    apache2.service                loaded inactive dead     The Apache HTTP Server
    apparmor.service               loaded active   running  Load AppArmor profiles
    atd.service                    loaded active   running  Deferred execution scheduler
    auditd.service                 loaded active   running  Security Auditing Service
    cron.service                   loaded active   running  Regular background program processing daemon
    dbus.service                   loaded active   running  D-Bus System Message Bus
    mysql.service                  loaded inactive dead     MySQL Community Server
    networking.service             loaded active   running  Raise network interfaces
    nginx.service                  loaded inactive dead     A high performance web server and a reverse proxy server
    oracle-ohasd.service           loaded active   running  Oracle High Availability Services
    postgresql.service             loaded inactive dead     PostgreSQL RDBMS
    rsyslog.service                loaded active   running  System Logging Service
    ssh.service                    loaded active   running  OpenBSD Secure Shell server
    systemd-journald.service       loaded active   running  Journal Service
    systemd-logind.service         loaded active   running  User Login Management
    systemd-resolved.service       loaded active   running  Network Name Resolution
    ufw.service                    loaded active   running  Uncomplicated firewall
  
  LOAD   = Reflects whether the unit definition was properly loaded.
  ACTIVE = The high-level unit activation state, i.e. generalization of SUB.
  SUB    = The low-level unit activation state, values depend on unit type.
  
  17 loaded units listed. Pass --all to see loaded but inactive units, too.
  To show all installed unit files use 'systemctl list-unit-files'.

$ [319/512]> systemctl show -p CleInconnue cron
  CleInconnue=


--- [320] § enable/disable/mask ---
$ [320/512]> systemctl is-enabled cron
  enabled

$ [321/512]> systemctl is-active cron
  active

$ [322/512]> systemctl is-failed cron
  active

$ [323/512]> systemctl disable cron
  Removed /etc/systemd/system/multi-user.target.wants/cron.service.

$ [324/512]> systemctl is-enabled cron
  disabled

$ [325/512]> systemctl enable cron
  Created symlink /etc/systemd/system/multi-user.target.wants/cron.service → /usr/lib/systemd/system/cron.service.

$ [326/512]> systemctl is-enabled cron
  enabled

$ [327/512]> systemctl enable --now cron
  Failed to enable unit: Unit --now.service not found.

$ [328/512]> systemctl is-active cron
  active

$ [329/512]> systemctl mask cron
  Created symlink /etc/systemd/system/cron.service → /dev/null.

$ [330/512]> systemctl is-enabled cron
  masked

$ [331/512]> systemctl status cron
  ● cron.service - Regular background program processing daemon
       Loaded: loaded (/usr/lib/systemd/system/cron.service; masked; vendor preset: enabled)
       Active: active (running) since Wed, 03 Jun 2026 16:07:35 GMT
     Main PID: 30 (cron)
        Tasks: 1
       CGroup: /system.slice/cron.service
               └─30 /usr/sbin/cron -f

$ [332/512]> systemctl unmask cron
  Removed symlink /etc/systemd/system/cron.service.

$ [333/512]> systemctl is-enabled cron
  enabled

$ [334/512]> systemctl preset cron
  Unknown command verb preset.

$ [335/512]> systemctl enable ssh
  Created symlink /etc/systemd/system/multi-user.target.wants/ssh.service → /usr/lib/systemd/system/ssh.service.

$ [336/512]> systemctl is-enabled ssh
  enabled

$ [337/512]> systemctl disable --now ssh
  Failed to disable unit: Unit --now.service not found.

$ [338/512]> systemctl is-active ssh
  active

$ [339/512]> systemctl enable --now ssh
  Failed to enable unit: Unit --now.service not found.

$ [340/512]> systemctl enable service_inexistant_xyz
  Failed to enable unit: Unit service_inexistant_xyz.service not found.

$ [341/512]> systemctl disable service_inexistant_xyz
  Failed to disable unit: Unit service_inexistant_xyz.service not found.

$ [342/512]> systemctl is-enabled service_inexistant_xyz
  disabled

$ [343/512]> systemctl mask
  Too few arguments.

$ [344/512]> systemctl enable
  Too few arguments.


--- [345] § start/stop/restart + journalctl ---
$ [345/512]> systemctl start cron
<empty>

$ [346/512]> systemctl is-active cron
  active

$ [347/512]> systemctl status cron
  ● cron.service - Regular background program processing daemon
       Loaded: loaded (/usr/lib/systemd/system/cron.service; enabled; vendor preset: enabled)
       Active: active (running) since Wed, 03 Jun 2026 16:07:35 GMT
     Main PID: 30 (cron)
        Tasks: 1
       CGroup: /system.slice/cron.service
               └─30 /usr/sbin/cron -f

$ [348/512]> systemctl stop cron
<empty>

$ [349/512]> systemctl is-active cron
  inactive

$ [350/512]> systemctl start cron
<empty>

$ [351/512]> systemctl restart cron
<empty>

$ [352/512]> systemctl is-active cron
  active

$ [353/512]> systemctl reload cron
  Failed to reload cron.service: cron.service: Refusing to reload: ExecReload= is not set.

$ [354/512]> systemctl reload-or-restart cron
  Unknown command verb reload-or-restart.

$ [355/512]> systemctl try-restart cron
  Unknown command verb try-restart.

$ [356/512]> systemctl kill cron
  Unknown command verb kill.

$ [357/512]> systemctl kill -s SIGTERM cron
  Unknown command verb kill.

$ [358/512]> systemctl reset-failed cron
<empty>

$ [359/512]> systemctl daemon-reload
<empty>

$ [360/512]> journalctl
  -- Logs begin at Wed Jun  3 16:07:35 2026, end at Wed Jun  3 16:07:35 2026. --
  Jun  3 16:07:35 localhost kernel: Linux version 5.15.0-generic (buildd@lcy02-amd64-032) (gcc-11 (Ubuntu 11.3.0-1ubuntu1~22.04) 11.3.0) #1 SMP x86_64
  Jun  3 16:07:35 localhost kernel: Command line: BOOT_IMAGE=/vmlinuz-5.15.0-generic root=/dev/sda1 ro quiet splash
  Jun  3 16:07:35 localhost kernel: DMI: QEMU Standard PC (i440FX + PIIX, 1996), BIOS 1.16.2-debian-1.16.2-1 04/01/2014
  Jun  3 16:07:35 localhost systemd-resolved[100]: Listening on TCP 127.0.0.53:53
  Jun  3 16:07:35 localhost sshd[101]: Server listening on 0.0.0.0 port 22.
  Jun  3 16:07:35 localhost kernel: nice[16] received signal SIGTERM from unknown
  Jun  3 16:07:35 localhost kernel[102]: nice[16] terminated by signal SIGTERM
  Jun  3 16:07:35 localhost kernel: nice[17] received signal SIGTERM from unknown
  Jun  3 16:07:35 localhost kernel[103]: nice[17] terminated by signal SIGTERM
  Jun  3 16:07:35 localhost kernel: nice[18] received signal SIGTERM from unknown
  Jun  3 16:07:35 localhost kernel[104]: nice[18] terminated by signal SIGTERM
  Jun  3 16:07:35 localhost kernel: sleep[19] received signal SIGTERM from unknown
  Jun  3 16:07:35 localhost kernel[105]: sleep[19] terminated by signal SIGTERM
  Jun  3 16:07:35 localhost kernel: sleep[20] received signal SIGTERM from unknown
  Jun  3 16:07:35 localhost kernel[106]: sleep[20] terminated by signal SIGTERM
  Jun  3 16:07:35 localhost kernel: sleep[21] received signal SIGTERM from unknown
  Jun  3 16:07:35 localhost kernel[107]: sleep[21] terminated by signal SIGTERM
  Jun  3 16:07:35 localhost kernel: sleep[22] received signal SIGTERM from unknown
  Jun  3 16:07:35 localhost kernel[108]: sleep[22] terminated by signal SIGTERM
  Jun  3 16:07:35 localhost kernel: sleep[23] received signal SIGTERM from unknown
  Jun  3 16:07:35 localhost kernel[109]: sleep[23] terminated by signal SIGTERM
  Jun  3 16:07:35 localhost kernel: sleep[24] received signal SIGTERM from unknown
  Jun  3 16:07:35 localhost kernel[110]: sleep[24] terminated by signal SIGTERM
  Jun  3 16:07:35 localhost kernel: sleep[25] received signal SIGTERM from unknown
  Jun  3 16:07:35 localhost kernel[111]: sleep[25] terminated by signal SIGTERM
  Jun  3 16:07:35 localhost kernel: sleep[26] received signal SIGTERM from unknown
  Jun  3 16:07:35 localhost kernel[112]: sleep[26] terminated by signal SIGTERM
  Jun  3 16:07:35 localhost kernel: sleep[27] received signal SIGTERM from unknown
  Jun  3 16:07:35 localhost kernel[113]: sleep[27] terminated by signal SIGTERM
  Jun  3 16:07:35 localhost kernel: sleep[28] received signal SIGTERM from unknown
  Jun  3 16:07:35 localhost kernel[114]: sleep[28] terminated by signal SIGTERM
  Jun  3 16:07:35 localhost kernel: sleep[29] received signal SIGKILL from unknown
  Jun  3 16:07:35 localhost kernel[115]: sleep[29] terminated by signal SIGKILL
  Jun  3 16:07:35 localhost kernel: cron[3] received signal SIGTERM from unknown
  Jun  3 16:07:35 localhost kernel[116]: cron[3] terminated by signal SIGTERM
  Jun  3 16:07:35 localhost kernel: [3] received signal SIGTERM from unknown
  Jun  3 16:07:35 localhost systemd[1]: Stopped cron.service.
  Jun  3 16:07:35 localhost systemd[1]: Started cron.service.
  Jun  3 16:07:35 localhost systemd[1]: Started cron.service.
  Jun  3 16:07:35 localhost kernel: atd[6] received signal SIGTERM from unknown
  Jun  3 16:07:35 localhost kernel[117]: atd[6] terminated by signal SIGTERM
  Jun  3 16:07:35 localhost kernel: [6] received signal SIGTERM from unknown
  Jun  3 16:07:35 localhost systemd[1]: Stopped atd.service.
  Jun  3 16:07:35 localhost systemd[1]: Started atd.service.
  Jun  3 16:07:35 localhost systemd[1]: Started atd.service.
  Jun  3 16:07:35 localhost kernel: systemd[1] received signal SIGKILL from unknown
  Jun  3 16:07:35 localhost kernel: systemd[1] received signal SIGTERM from unknown
  Jun  3 16:07:35 localhost systemctl[118]: Removed symlink /etc/systemd/system/multi-user.target.wants/cron.service.
  Jun  3 16:07:35 localhost systemctl[119]: Created symlink /etc/systemd/system/multi-user.target.wants/cron.service.
  Jun  3 16:07:35 localhost systemctl[120]: Created symlink /etc/systemd/system/cron.service → /dev/null.
  Jun  3 16:07:35 localhost systemctl[121]: Removed /etc/systemd/system/cron.service.
  Jun  3 16:07:35 localhost kernel: cron[30] received signal SIGTERM from unknown
  Jun  3 16:07:35 localhost kernel[122]: cron[30] terminated by signal SIGTERM
  Jun  3 16:07:35 localhost systemd[1]: Stopped cron.service.
  Jun  3 16:07:35 localhost systemd[1]: Started cron.service.
  Jun  3 16:07:35 localhost kernel: cron[32] received signal SIGTERM from unknown
  Jun  3 16:07:35 localhost kernel[123]: cron[32] terminated by signal SIGTERM
  Jun  3 16:07:35 localhost systemd[1]: Stopped cron.service.
  Jun  3 16:07:35 localhost systemd[1]: Started cron.service.
  Jun  3 16:07:35 localhost systemd[1]: Started cron.service.

$ [361/512]> journalctl -n 20
  -- Logs begin at Wed Jun  3 16:07:35 2026, end at Wed Jun  3 16:07:35 2026. --
  Jun  3 16:07:35 localhost kernel[117]: atd[6] terminated by signal SIGTERM
  Jun  3 16:07:35 localhost kernel: [6] received signal SIGTERM from unknown
  Jun  3 16:07:35 localhost systemd[1]: Stopped atd.service.
  Jun  3 16:07:35 localhost systemd[1]: Started atd.service.
  Jun  3 16:07:35 localhost systemd[1]: Started atd.service.
  Jun  3 16:07:35 localhost kernel: systemd[1] received signal SIGKILL from unknown
  Jun  3 16:07:35 localhost kernel: systemd[1] received signal SIGTERM from unknown
  Jun  3 16:07:35 localhost systemctl[118]: Removed symlink /etc/systemd/system/multi-user.target.wants/cron.service.
  Jun  3 16:07:35 localhost systemctl[119]: Created symlink /etc/systemd/system/multi-user.target.wants/cron.service.
  Jun  3 16:07:35 localhost systemctl[120]: Created symlink /etc/systemd/system/cron.service → /dev/null.
  Jun  3 16:07:35 localhost systemctl[121]: Removed /etc/systemd/system/cron.service.
  Jun  3 16:07:35 localhost kernel: cron[30] received signal SIGTERM from unknown
  Jun  3 16:07:35 localhost kernel[122]: cron[30] terminated by signal SIGTERM
  Jun  3 16:07:35 localhost systemd[1]: Stopped cron.service.
  Jun  3 16:07:35 localhost systemd[1]: Started cron.service.
  Jun  3 16:07:35 localhost kernel: cron[32] received signal SIGTERM from unknown
  Jun  3 16:07:35 localhost kernel[123]: cron[32] terminated by signal SIGTERM
  Jun  3 16:07:35 localhost systemd[1]: Stopped cron.service.
  Jun  3 16:07:35 localhost systemd[1]: Started cron.service.
  Jun  3 16:07:35 localhost systemd[1]: Started cron.service.

$ [362/512]> journalctl -n 50 --no-pager
  -- Logs begin at Wed Jun  3 16:07:35 2026, end at Wed Jun  3 16:07:35 2026. --
  Jun  3 16:07:35 localhost kernel[104]: nice[18] terminated by signal SIGTERM
  Jun  3 16:07:35 localhost kernel: sleep[19] received signal SIGTERM from unknown
  Jun  3 16:07:35 localhost kernel[105]: sleep[19] terminated by signal SIGTERM
  Jun  3 16:07:35 localhost kernel: sleep[20] received signal SIGTERM from unknown
